2026-07-18T15:24:00.593206+00:00 scan: 0 live daily-ladder strikes
2026-07-18T15:24:02.234389+00:00   BTC: smiles=ok expiries=5 S_idx=64104.555 S_bin=64107.66
2026-07-18T15:24:03.785251+00:00   ETH: smiles=ok expiries=5 S_idx=1843.47 S_bin=1845.22
2026-07-18T15:24:03.785449+00:00 cycle done: signals=0 entered=0 open=0 deployed=$0.00 bankroll=$100.00
2026-07-18T15:25:08.565564+00:00 scan: 110 live daily-ladder strikes
2026-07-18T15:25:10.166130+00:00   BTC: smiles=ok expiries=5 S_idx=64083.96 S_bin=64107.66
2026-07-18T15:25:11.687156+00:00   ETH: smiles=ok expiries=5 S_idx=1843.475 S_bin=1845.11
2026-07-18T15:25:36.515714+00:00 ENTER maker_pending ethereum-above-1800-on-july-20-2026 K=1800.0 entry=0.810 fv=0.835 shares=12.3 ($10.00) delta=$9.7/sh hedge=$120 notional
2026-07-18T15:25:36.515933+00:00   sig ETH K=  1800.0 tte=2.0d pm 0.80/0.82 fv=0.835 gapT=+0.015 gapM=+0.025
2026-07-18T15:25:36.516001+00:00   sig ETH K=  1800.0 tte=3.0d pm 0.74/0.78 fv=0.773 gapT=-0.007 gapM=+0.023
2026-07-18T15:25:36.516046+00:00   sig ETH K=  1900.0 tte=5.0d pm 0.25/0.28 fv=0.276 gapT=-0.004 gapM=+0.016
2026-07-18T15:25:36.516089+00:00   sig ETH K=  2000.0 tte=5.0d pm 0.03/0.07 fv=0.051 gapT=-0.019 gapM=+0.011
2026-07-18T15:25:36.516132+00:00   sig ETH K=  1900.0 tte=4.0d pm 0.22/0.26 fv=0.240 gapT=-0.020 gapM=+0.010
2026-07-18T15:25:36.516171+00:00   sig BTC K= 66000.0 tte=5.0d pm 0.20/0.23 fv=0.217 gapT=-0.013 gapM=+0.007
2026-07-18T15:25:36.516209+00:00   sig BTC K= 62000.0 tte=2.0d pm 0.94/0.95 fv=0.956 gapT=+0.006 gapM=+0.006
2026-07-18T15:25:36.516247+00:00   sig BTC K= 62000.0 tte=5.0d pm 0.80/0.82 fv=0.814 gapT=-0.006 gapM=+0.004
2026-07-18T15:25:36.516289+00:00 cycle done: signals=35 entered=1 open=1 deployed=$22.00 bankroll=$100.00
2026-07-18T15:26:16.685398+00:00 scan: 110 live daily-ladder strikes
2026-07-18T15:26:18.369830+00:00   BTC: smiles=ok expiries=5 S_idx=64068.47 S_bin=64109.99
2026-07-18T15:26:19.910603+00:00   ETH: smiles=ok expiries=5 S_idx=1843.495 S_bin=1844.93
2026-07-18T15:26:44.955317+00:00   sig ETH K=  1800.0 tte=2.0d pm 0.80/0.82 fv=0.834 gapT=+0.014 gapM=+0.024
2026-07-18T15:26:44.955531+00:00   sig ETH K=  1800.0 tte=3.0d pm 0.74/0.78 fv=0.772 gapT=-0.008 gapM=+0.022
2026-07-18T15:26:44.955566+00:00   sig BTC K= 64000.0 tte=2.0d pm 0.52/0.53 fv=0.546 gapT=+0.016 gapM=+0.016
2026-07-18T15:26:44.955583+00:00   sig ETH K=  1900.0 tte=5.0d pm 0.25/0.28 fv=0.276 gapT=-0.004 gapM=+0.016
2026-07-18T15:26:44.955600+00:00   sig ETH K=  1800.0 tte=4.0d pm 0.70/0.74 fv=0.723 gapT=-0.017 gapM=+0.013
2026-07-18T15:26:44.955617+00:00   sig ETH K=  2000.0 tte=5.0d pm 0.03/0.07 fv=0.051 gapT=-0.019 gapM=+0.011
2026-07-18T15:26:44.955631+00:00   sig ETH K=  1900.0 tte=4.0d pm 0.22/0.26 fv=0.240 gapT=-0.020 gapM=+0.010
2026-07-18T15:26:44.955644+00:00   sig BTC K= 66000.0 tte=5.0d pm 0.20/0.23 fv=0.218 gapT=-0.012 gapM=+0.008
2026-07-18T15:26:44.955666+00:00 cycle done: signals=35 entered=0 open=1 deployed=$22.00 bankroll=$100.00
2026-07-18T15:28:16.711783+00:00 scan: 110 live daily-ladder strikes
2026-07-18T15:28:18.300183+00:00   BTC: smiles=ok expiries=5 S_idx=64062.66 S_bin=64087.4
2026-07-18T15:28:19.899578+00:00   ETH: smiles=ok expiries=5 S_idx=1843.495 S_bin=1843.78
2026-07-18T15:28:45.474590+00:00   sig ETH K=  1900.0 tte=5.0d pm 0.24/0.28 fv=0.272 gapT=-0.008 gapM=+0.022
2026-07-18T15:28:45.474754+00:00   sig ETH K=  1800.0 tte=2.0d pm 0.80/0.82 fv=0.830 gapT=+0.010 gapM=+0.020
2026-07-18T15:28:45.474785+00:00   sig ETH K=  1800.0 tte=3.0d pm 0.74/0.78 fv=0.768 gapT=-0.012 gapM=+0.018
2026-07-18T15:28:45.474805+00:00   sig BTC K= 64000.0 tte=2.0d pm 0.52/0.53 fv=0.541 gapT=+0.011 gapM=+0.011
2026-07-18T15:28:45.474822+00:00   sig ETH K=  2000.0 tte=5.0d pm 0.03/0.07 fv=0.050 gapT=-0.020 gapM=+0.010
2026-07-18T15:28:45.474838+00:00   sig BTC K= 64000.0 tte=4.0d pm 0.51/0.53 fv=0.530 gapT=-0.000 gapM=+0.010
2026-07-18T15:28:45.474852+00:00   sig ETH K=  1800.0 tte=4.0d pm 0.70/0.74 fv=0.719 gapT=-0.021 gapM=+0.009
2026-07-18T15:28:45.474865+00:00   sig BTC K= 64000.0 tte=5.0d pm 0.51/0.53 fv=0.527 gapT=-0.003 gapM=+0.007
2026-07-18T15:28:45.474898+00:00 cycle done: signals=35 entered=0 open=1 deployed=$22.00 bankroll=$100.00
2026-07-18T15:30:16.570892+00:00 scan: 110 live daily-ladder strikes
2026-07-18T15:30:18.206582+00:00   BTC: smiles=ok expiries=5 S_idx=64059.41 S_bin=64077.96
2026-07-18T15:30:19.753686+00:00   ETH: smiles=ok expiries=5 S_idx=1843.475 S_bin=1843.64
2026-07-18T15:30:45.260297+00:00   sig ETH K=  1800.0 tte=2.0d pm 0.79/0.82 fv=0.830 gapT=+0.010 gapM=+0.030
2026-07-18T15:30:45.260441+00:00   sig ETH K=  1800.0 tte=3.0d pm 0.74/0.78 fv=0.768 gapT=-0.012 gapM=+0.018
2026-07-18T15:30:45.260509+00:00   sig ETH K=  1900.0 tte=5.0d pm 0.24/0.27 fv=0.265 gapT=-0.005 gapM=+0.015
2026-07-18T15:30:45.260528+00:00   sig ETH K=  1800.0 tte=4.0d pm 0.70/0.74 fv=0.720 gapT=-0.020 gapM=+0.010
2026-07-18T15:30:45.260545+00:00   sig ETH K=  2000.0 tte=5.0d pm 0.03/0.07 fv=0.050 gapT=-0.020 gapM=+0.010
2026-07-18T15:30:45.260563+00:00   sig BTC K= 64000.0 tte=4.0d pm 0.51/0.52 fv=0.527 gapT=+0.007 gapM=+0.007
2026-07-18T15:30:45.260588+00:00   sig BTC K= 62000.0 tte=4.0d pm 0.82/0.84 fv=0.837 gapT=-0.003 gapM=+0.007
2026-07-18T15:30:45.260603+00:00   sig BTC K= 64000.0 tte=2.0d pm 0.52/0.53 fv=0.535 gapT=+0.005 gapM=+0.005
2026-07-18T15:30:45.260623+00:00 cycle done: signals=35 entered=0 open=1 deployed=$22.00 bankroll=$100.00
2026-07-18T15:30:59.704394+00:00 scan: 110 live daily-ladder strikes
2026-07-18T15:31:01.325850+00:00   BTC: smiles=ok expiries=5 S_idx=64055.75 S_bin=64085.99
2026-07-18T15:31:02.830353+00:00   ETH: smiles=ok expiries=5 S_idx=1843.475 S_bin=1844.03
2026-07-18T15:31:28.329015+00:00   sig ETH K=  1800.0 tte=2.0d pm 0.79/0.82 fv=0.831 gapT=+0.011 gapM=+0.031
2026-07-18T15:31:28.329189+00:00   sig ETH K=  1800.0 tte=3.0d pm 0.74/0.78 fv=0.769 gapT=-0.011 gapM=+0.019
2026-07-18T15:31:28.329248+00:00   sig ETH K=  1900.0 tte=5.0d pm 0.24/0.28 fv=0.267 gapT=-0.013 gapM=+0.017
2026-07-18T15:31:28.329296+00:00   sig ETH K=  1800.0 tte=4.0d pm 0.70/0.74 fv=0.722 gapT=-0.018 gapM=+0.012
2026-07-18T15:31:28.329340+00:00   sig ETH K=  2000.0 tte=5.0d pm 0.03/0.07 fv=0.051 gapT=-0.019 gapM=+0.011
2026-07-18T15:31:28.329385+00:00   sig BTC K= 64000.0 tte=4.0d pm 0.51/0.52 fv=0.529 gapT=+0.009 gapM=+0.009
2026-07-18T15:31:28.329430+00:00   sig BTC K= 64000.0 tte=2.0d pm 0.52/0.53 fv=0.538 gapT=+0.008 gapM=+0.008
2026-07-18T15:31:28.329489+00:00   sig BTC K= 62000.0 tte=4.0d pm 0.82/0.84 fv=0.838 gapT=-0.002 gapM=+0.008
2026-07-18T15:31:28.329542+00:00 cycle done: signals=35 entered=0 open=1 deployed=$22.00 bankroll=$100.00
2026-07-18T15:32:17.344194+00:00 scan: 110 live daily-ladder strikes
2026-07-18T15:32:18.907962+00:00   BTC: smiles=ok expiries=5 S_idx=64050.375 S_bin=64086.0
2026-07-18T15:32:20.577957+00:00   ETH: smiles=ok expiries=5 S_idx=1843.475 S_bin=1843.46
2026-07-18T15:32:45.841188+00:00   sig ETH K=  1800.0 tte=2.0d pm 0.79/0.82 fv=0.829 gapT=+0.009 gapM=+0.029
2026-07-18T15:32:45.841319+00:00   sig ETH K=  1800.0 tte=3.0d pm 0.74/0.78 fv=0.767 gapT=-0.013 gapM=+0.017
2026-07-18T15:32:45.841357+00:00   sig ETH K=  1900.0 tte=5.0d pm 0.24/0.27 fv=0.264 gapT=-0.006 gapM=+0.014
2026-07-18T15:32:45.841374+00:00   sig BTC K= 64000.0 tte=4.0d pm 0.51/0.52 fv=0.530 gapT=+0.010 gapM=+0.010
2026-07-18T15:32:45.841391+00:00   sig ETH K=  2000.0 tte=5.0d pm 0.03/0.07 fv=0.050 gapT=-0.020 gapM=+0.010
2026-07-18T15:32:45.841407+00:00   sig BTC K= 64000.0 tte=2.0d pm 0.52/0.53 fv=0.539 gapT=+0.009 gapM=+0.009
2026-07-18T15:32:45.841421+00:00   sig ETH K=  1800.0 tte=4.0d pm 0.70/0.74 fv=0.719 gapT=-0.021 gapM=+0.009
2026-07-18T15:32:45.841434+00:00   sig BTC K= 62000.0 tte=4.0d pm 0.82/0.84 fv=0.838 gapT=-0.002 gapM=+0.008
2026-07-18T15:32:45.841452+00:00 cycle done: signals=35 entered=0 open=1 deployed=$22.00 bankroll=$100.00
2026-07-18T15:34:19.331819+00:00 scan: 110 live daily-ladder strikes
2026-07-18T15:34:20.991961+00:00   BTC: smiles=ok expiries=5 S_idx=64046.72 S_bin=64076.3
2026-07-18T15:34:22.550769+00:00   ETH: smiles=ok expiries=5 S_idx=1843.0549999999998 S_bin=1843.7
2026-07-18T15:34:50.568894+00:00   sig ETH K=  1800.0 tte=2.0d pm 0.79/0.82 fv=0.831 gapT=+0.011 gapM=+0.031
2026-07-18T15:34:50.569096+00:00   sig ETH K=  1800.0 tte=3.0d pm 0.74/0.78 fv=0.768 gapT=-0.012 gapM=+0.018
2026-07-18T15:34:50.569128+00:00   sig ETH K=  1900.0 tte=5.0d pm 0.24/0.28 fv=0.265 gapT=-0.015 gapM=+0.015
2026-07-18T15:34:50.569145+00:00   sig BTC K= 62000.0 tte=2.0d pm 0.92/0.95 fv=0.942 gapT=-0.008 gapM=+0.012
2026-07-18T15:34:50.569161+00:00   sig ETH K=  2000.0 tte=5.0d pm 0.03/0.07 fv=0.050 gapT=-0.020 gapM=+0.010
2026-07-18T15:34:50.569187+00:00   sig ETH K=  1800.0 tte=4.0d pm 0.70/0.74 fv=0.720 gapT=-0.020 gapM=+0.010
2026-07-18T15:34:50.569205+00:00   sig BTC K= 64000.0 tte=4.0d pm 0.51/0.52 fv=0.526 gapT=+0.006 gapM=+0.006
2026-07-18T15:34:50.569218+00:00   sig BTC K= 62000.0 tte=4.0d pm 0.82/0.84 fv=0.836 gapT=-0.004 gapM=+0.006
2026-07-18T15:34:50.569237+00:00 cycle done: signals=35 entered=0 open=1 deployed=$22.00 bankroll=$100.00
2026-07-18T16:07:25.092185+00:00 scan: 121 live daily-ladder strikes
2026-07-18T16:07:25.143092+00:00 scan: 121 live daily-ladder strikes
2026-07-18T16:07:26.981660+00:00   BTC: smiles=ok expiries=5 S_idx=64059.134999999995 S_bin=64091.49
2026-07-18T16:07:26.985197+00:00   BTC: smiles=ok expiries=5 S_idx=64059.134999999995 S_bin=64091.49
2026-07-18T16:07:28.476003+00:00   ETH: smiles=ok expiries=5 S_idx=1841.89 S_bin=1842.0
2026-07-18T16:07:28.495111+00:00   ETH: smiles=ok expiries=5 S_idx=1841.89 S_bin=1842.0
2026-07-18T16:07:53.982234+00:00   sig BTC K= 62000.0 tte=4.0d pm 0.82/0.85 fv=0.850 gapT=+0.000 gapM=+0.020
2026-07-18T16:07:53.982377+00:00   sig BTC K= 64000.0 tte=4.0d pm 0.51/0.53 fv=0.538 gapT=+0.008 gapM=+0.018
2026-07-18T16:07:53.982401+00:00   sig ETH K=  1700.0 tte=4.0d pm 0.93/0.95 fv=0.954 gapT=-0.000 gapM=+0.017
2026-07-18T16:07:53.982417+00:00   sig ETH K=  1900.0 tte=5.0d pm 0.24/0.27 fv=0.262 gapT=-0.008 gapM=+0.012
2026-07-18T16:07:53.982433+00:00   sig BTC K= 62000.0 tte=5.0d pm 0.80/0.82 fv=0.819 gapT=-0.001 gapM=+0.009
2026-07-18T16:07:53.982450+00:00   sig ETH K=  1900.0 tte=4.0d pm 0.21/0.25 fv=0.227 gapT=-0.023 gapM=+0.007
2026-07-18T16:07:53.982465+00:00   sig BTC K= 64000.0 tte=3.0d pm 0.52/0.53 fv=0.536 gapT=+0.006 gapM=+0.006
2026-07-18T16:07:53.982479+00:00   sig BTC K= 60000.0 tte=4.0d pm 0.95/0.97 fv=0.965 gapT=-0.004 gapM=+0.005
2026-07-18T16:07:53.982498+00:00 cycle done: signals=32 entered=0 open=1 deployed=$22.00 bankroll=$100.00
2026-07-18T16:07:54.146991+00:00   sig BTC K= 62000.0 tte=4.0d pm 0.82/0.85 fv=0.850 gapT=+0.000 gapM=+0.020
2026-07-18T16:07:54.147178+00:00   sig BTC K= 64000.0 tte=4.0d pm 0.51/0.53 fv=0.538 gapT=+0.008 gapM=+0.018
2026-07-18T16:07:54.147226+00:00   sig ETH K=  1700.0 tte=4.0d pm 0.93/0.95 fv=0.954 gapT=-0.000 gapM=+0.017
2026-07-18T16:07:54.147260+00:00   sig ETH K=  1900.0 tte=5.0d pm 0.24/0.27 fv=0.262 gapT=-0.008 gapM=+0.012
2026-07-18T16:07:54.147294+00:00   sig BTC K= 62000.0 tte=5.0d pm 0.80/0.82 fv=0.819 gapT=-0.001 gapM=+0.009
2026-07-18T16:14:29.774627+00:00 daemon started (singleton lock acquired)
2026-07-18T16:15:09.250205+00:00 daemon started (singleton lock acquired)
2026-07-18T16:15:14.606121+00:00 scan: 132 live daily-ladder strikes
2026-07-18T16:15:16.477594+00:00   BTC: smiles=ok expiries=5 S_idx=64060.965 S_bin=64147.04
2026-07-18T16:15:17.968158+00:00   ETH: smiles=ok expiries=5 S_idx=1841.89 S_bin=1844.36
2026-07-18T16:15:43.454901+00:00   sig ETH K=  1800.0 tte=3.0d pm 0.74/0.78 fv=0.772 gapT=-0.008 gapM=+0.022
2026-07-18T16:15:43.455049+00:00   sig ETH K=  1900.0 tte=5.0d pm 0.24/0.28 fv=0.271 gapT=-0.009 gapM=+0.021
2026-07-18T16:15:43.455073+00:00   sig BTC K= 62000.0 tte=4.0d pm 0.82/0.85 fv=0.851 gapT=+0.001 gapM=+0.021
2026-07-18T16:15:43.455096+00:00   sig BTC K= 64000.0 tte=4.0d pm 0.51/0.54 fv=0.540 gapT=+0.000 gapM=+0.020
2026-07-18T16:15:43.455115+00:00   sig ETH K=  1700.0 tte=4.0d pm 0.93/0.95 fv=0.956 gapT=+0.001 gapM=+0.019
2026-07-18T16:15:43.455129+00:00   sig ETH K=  1900.0 tte=4.0d pm 0.21/0.25 fv=0.237 gapT=-0.013 gapM=+0.017
2026-07-18T16:15:43.455144+00:00   sig BTC K= 64000.0 tte=3.0d pm 0.52/0.53 fv=0.545 gapT=+0.015 gapM=+0.015
2026-07-18T16:15:43.455176+00:00   sig ETH K=  1800.0 tte=4.0d pm 0.70/0.74 fv=0.723 gapT=-0.017 gapM=+0.013
2026-07-18T16:15:43.455195+00:00 cycle done: signals=35 entered=0 open=1 deployed=$22.00 bankroll=$100.00
2026-07-18T16:22:09.600944+00:00 daemon started (singleton lock acquired)
2026-07-18T16:22:16.728860+00:00 scan: 132 live daily-ladder strikes
2026-07-18T16:22:18.707897+00:00   BTC: smiles=ok expiries=5 S_idx=64081.32 S_bin=64135.99
2026-07-18T16:22:20.294420+00:00   ETH: smiles=ok expiries=5 S_idx=1841.89 S_bin=1843.56
2026-07-18T16:22:47.069549+00:00   sig ETH K=  1900.0 tte=4.0d pm 0.21/0.25 fv=0.244 gapT=-0.006 gapM=+0.024
2026-07-18T16:22:47.069689+00:00   sig ETH K=  1900.0 tte=5.0d pm 0.24/0.27 fv=0.272 gapT=+0.002 gapM=+0.022
2026-07-18T16:22:47.069712+00:00   sig BTC K= 64000.0 tte=4.0d pm 0.51/0.54 fv=0.538 gapT=-0.002 gapM=+0.018
2026-07-18T16:22:47.069728+00:00   sig BTC K= 64000.0 tte=2.0d pm 0.54/0.55 fv=0.568 gapT=+0.018 gapM=+0.018
2026-07-18T16:22:47.069743+00:00   sig BTC K= 62000.0 tte=4.0d pm 0.82/0.84 fv=0.848 gapT=+0.008 gapM=+0.018
2026-07-18T16:22:47.069831+00:00   sig BTC K= 64000.0 tte=3.0d pm 0.52/0.53 fv=0.544 gapT=+0.014 gapM=+0.014
2026-07-18T16:22:47.069850+00:00   sig ETH K=  1700.0 tte=4.0d pm 0.93/0.95 fv=0.950 gapT=-0.005 gapM=+0.013
2026-07-18T16:22:47.069865+00:00   sig BTC K= 60000.0 tte=4.0d pm 0.95/0.97 fv=0.968 gapT=+0.000 gapM=+0.010
2026-07-18T16:22:47.069885+00:00 cycle done: signals=34 entered=0 open=1 deployed=$22.00 bankroll=$100.00
2026-07-18T16:32:52.299565+00:00 scan: 132 live daily-ladder strikes
2026-07-18T16:32:54.187685+00:00   BTC: smiles=ok expiries=5 S_idx=64086.64 S_bin=64164.16
2026-07-18T16:32:55.835251+00:00   ETH: smiles=ok expiries=5 S_idx=1841.89 S_bin=1843.93
2026-07-18T16:33:21.778788+00:00 ENTER maker_pending bitcoin-above-64k-on-july-20-2026 K=64000.0 entry=0.550 fv=0.579 shares=18.2 ($10.00) delta=$20.5/sh hedge=$373 notional
2026-07-18T16:33:21.778982+00:00 ENTER maker_pending bitcoin-above-64k-on-july-22-2026 K=64000.0 entry=0.520 fv=0.547 shares=9.1 ($4.74) delta=$12.0/sh hedge=$109 notional
2026-07-18T16:33:21.779089+00:00   sig BTC K= 64000.0 tte=2.0d pm 0.54/0.55 fv=0.579 gapT=+0.029 gapM=+0.029
2026-07-18T16:33:21.779115+00:00   sig BTC K= 64000.0 tte=4.0d pm 0.51/0.55 fv=0.547 gapT=-0.003 gapM=+0.027
2026-07-18T16:33:21.779130+00:00   sig ETH K=  1900.0 tte=4.0d pm 0.21/0.25 fv=0.246 gapT=-0.004 gapM=+0.026
2026-07-18T16:33:21.779144+00:00   sig BTC K= 62000.0 tte=4.0d pm 0.82/0.85 fv=0.853 gapT=+0.003 gapM=+0.023
2026-07-18T16:33:21.779157+00:00   sig ETH K=  1900.0 tte=5.0d pm 0.24/0.28 fv=0.273 gapT=-0.007 gapM=+0.023
2026-07-18T16:33:21.779170+00:00   sig ETH K=  1800.0 tte=3.0d pm 0.74/0.78 fv=0.765 gapT=-0.015 gapM=+0.015
2026-07-18T16:33:21.779184+00:00   sig ETH K=  1700.0 tte=4.0d pm 0.93/0.95 fv=0.951 gapT=-0.004 gapM=+0.014
2026-07-18T16:33:21.779196+00:00   sig BTC K= 66000.0 tte=5.0d pm 0.20/0.23 fv=0.223 gapT=-0.007 gapM=+0.013
2026-07-18T16:33:21.779211+00:00 cycle done: signals=35 entered=2 open=3 deployed=$85.00 bankroll=$100.00
2026-07-18T16:43:26.887563+00:00 scan: 132 live daily-ladder strikes
2026-07-18T16:43:28.809826+00:00   BTC: smiles=ok expiries=5 S_idx=64086.94 S_bin=64143.91
2026-07-18T16:43:30.372765+00:00   ETH: smiles=ok expiries=5 S_idx=1841.89 S_bin=1843.26
2026-07-18T16:43:55.799007+00:00   sig ETH K=  1900.0 tte=4.0d pm 0.21/0.25 fv=0.242 gapT=-0.008 gapM=+0.022
2026-07-18T16:43:55.799171+00:00   sig BTC K= 64000.0 tte=4.0d pm 0.51/0.54 fv=0.541 gapT=+0.001 gapM=+0.021
2026-07-18T16:43:55.799203+00:00   sig ETH K=  1900.0 tte=5.0d pm 0.24/0.27 fv=0.270 gapT=+0.000 gapM=+0.020
2026-07-18T16:43:55.799242+00:00   sig ETH K=  1700.0 tte=4.0d pm 0.93/0.95 fv=0.950 gapT=-0.005 gapM=+0.013
2026-07-18T16:43:55.799264+00:00   sig ETH K=  1800.0 tte=3.0d pm 0.74/0.78 fv=0.763 gapT=-0.017 gapM=+0.013
2026-07-18T16:43:55.799292+00:00   sig BTC K= 64000.0 tte=2.0d pm 0.55/0.56 fv=0.572 gapT=+0.012 gapM=+0.012
2026-07-18T16:43:55.799306+00:00   sig BTC K= 60000.0 tte=5.0d pm 0.94/0.95 fv=0.955 gapT=+0.006 gapM=+0.010
2026-07-18T16:43:55.799425+00:00   sig BTC K= 66000.0 tte=5.0d pm 0.20/0.23 fv=0.219 gapT=-0.011 gapM=+0.009
2026-07-18T16:43:55.799459+00:00 cycle done: signals=36 entered=0 open=3 deployed=$85.00 bankroll=$100.00
2026-07-18T16:54:01.780191+00:00 scan: 132 live daily-ladder strikes
2026-07-18T16:54:03.783001+00:00   BTC: smiles=ok expiries=5 S_idx=64190.1 S_bin=64282.29
2026-07-18T16:54:05.379353+00:00   ETH: smiles=ok expiries=5 S_idx=1841.455 S_bin=1846.5
2026-07-18T16:54:36.022224+00:00   sig ETH K=  1900.0 tte=4.0d pm 0.22/0.26 fv=0.255 gapT=-0.005 gapM=+0.025
2026-07-18T16:54:36.022370+00:00   sig ETH K=  1900.0 tte=5.0d pm 0.25/0.28 fv=0.282 gapT=+0.002 gapM=+0.022
2026-07-18T16:54:36.022442+00:00   sig ETH K=  1900.0 tte=2.0d pm 0.11/0.14 fv=0.135 gapT=-0.005 gapM=+0.015
2026-07-18T16:54:36.022463+00:00   sig BTC K= 64000.0 tte=3.0d pm 0.56/0.57 fv=0.582 gapT=+0.012 gapM=+0.012
2026-07-18T16:54:36.022506+00:00   sig ETH K=  1700.0 tte=4.0d pm 0.93/0.96 fv=0.953 gapT=-0.003 gapM=+0.012
2026-07-18T16:54:36.022527+00:00   sig BTC K= 60000.0 tte=4.0d pm 0.95/0.97 fv=0.971 gapT=-0.002 gapM=+0.011
2026-07-18T16:54:36.022626+00:00   sig BTC K= 62000.0 tte=4.0d pm 0.84/0.86 fv=0.861 gapT=+0.001 gapM=+0.011
2026-07-18T16:54:36.022701+00:00   sig BTC K= 66000.0 tte=5.0d pm 0.22/0.25 fv=0.241 gapT=-0.009 gapM=+0.011
2026-07-18T16:54:36.022736+00:00 cycle done: signals=36 entered=0 open=3 deployed=$85.00 bankroll=$100.00
2026-07-18T17:04:42.361936+00:00 scan: 132 live daily-ladder strikes
2026-07-18T17:04:44.409123+00:00   BTC: smiles=ok expiries=5 S_idx=64237.14 S_bin=64289.98
2026-07-18T17:04:46.100461+00:00   ETH: smiles=ok expiries=5 S_idx=1841.9 S_bin=1845.42
2026-07-18T17:05:14.479590+00:00   sig ETH K=  1900.0 tte=4.0d pm 0.22/0.26 fv=0.249 gapT=-0.011 gapM=+0.019
2026-07-18T17:05:14.479833+00:00   sig ETH K=  1900.0 tte=5.0d pm 0.25/0.28 fv=0.276 gapT=-0.004 gapM=+0.016
2026-07-18T17:05:14.479862+00:00   sig BTC K= 64000.0 tte=5.0d pm 0.54/0.56 fv=0.566 gapT=+0.006 gapM=+0.016
2026-07-18T17:05:14.479881+00:00   sig BTC K= 66000.0 tte=5.0d pm 0.22/0.25 fv=0.243 gapT=-0.007 gapM=+0.013
2026-07-18T17:05:14.479897+00:00   sig ETH K=  1700.0 tte=4.0d pm 0.93/0.96 fv=0.952 gapT=-0.005 gapM=+0.011
2026-07-18T17:05:14.479912+00:00   sig BTC K= 66000.0 tte=4.0d pm 0.19/0.22 fv=0.211 gapT=-0.009 gapM=+0.011
2026-07-18T17:05:14.479927+00:00   sig ETH K=  1800.0 tte=2.0d pm 0.82/0.84 fv=0.840 gapT=-0.000 gapM=+0.010
2026-07-18T17:05:14.479940+00:00   sig BTC K= 64000.0 tte=4.0d pm 0.55/0.57 fv=0.568 gapT=-0.002 gapM=+0.008
2026-07-18T17:05:14.479967+00:00 cycle done: signals=36 entered=0 open=3 deployed=$85.00 bankroll=$100.00
2026-07-18T17:15:20.001207+00:00 scan: 132 live daily-ladder strikes
2026-07-18T17:15:21.960720+00:00   BTC: smiles=ok expiries=5 S_idx=64250.575 S_bin=64323.97
2026-07-18T17:15:23.499672+00:00   ETH: smiles=ok expiries=5 S_idx=1843.005 S_bin=1846.08
2026-07-18T17:15:48.776145+00:00   sig ETH K=  1900.0 tte=3.9d pm 0.22/0.26 fv=0.253 gapT=-0.007 gapM=+0.023
2026-07-18T17:15:48.776336+00:00   sig ETH K=  1900.0 tte=4.9d pm 0.25/0.28 fv=0.279 gapT=-0.001 gapM=+0.019
2026-07-18T17:15:48.776387+00:00   sig BTC K= 66000.0 tte=4.9d pm 0.22/0.25 fv=0.247 gapT=-0.003 gapM=+0.017
2026-07-18T17:15:48.776437+00:00   sig BTC K= 64000.0 tte=2.9d pm 0.56/0.57 fv=0.586 gapT=+0.016 gapM=+0.016
2026-07-18T17:15:48.776461+00:00   sig ETH K=  1700.0 tte=3.9d pm 0.93/0.96 fv=0.953 gapT=-0.005 gapM=+0.012
2026-07-18T17:15:48.776481+00:00   sig ETH K=  1800.0 tte=1.9d pm 0.82/0.84 fv=0.842 gapT=+0.002 gapM=+0.012
2026-07-18T17:15:48.776546+00:00   sig BTC K= 64000.0 tte=4.9d pm 0.55/0.57 fv=0.571 gapT=+0.001 gapM=+0.011
2026-07-18T17:15:48.776577+00:00   sig BTC K= 64000.0 tte=1.9d pm 0.59/0.60 fv=0.609 gapT=+0.009 gapM=+0.009
2026-07-18T17:15:48.776626+00:00 cycle done: signals=36 entered=0 open=3 deployed=$85.00 bankroll=$100.00
2026-07-18T17:25:54.282118+00:00 scan: 132 live daily-ladder strikes
2026-07-18T17:25:56.342847+00:00   BTC: smiles=ok expiries=5 S_idx=64295.705 S_bin=64298.77
2026-07-18T17:25:57.914004+00:00   ETH: smiles=ok expiries=5 S_idx=1843.1750000000002 S_bin=1844.51
2026-07-18T17:26:23.367466+00:00   sig BTC K= 64000.0 tte=1.9d pm 0.59/0.60 fv=0.618 gapT=+0.018 gapM=+0.018
2026-07-18T17:26:23.367595+00:00   sig ETH K=  1900.0 tte=4.9d pm 0.24/0.29 fv=0.265 gapT=-0.025 gapM=+0.015
2026-07-18T17:26:23.367616+00:00   sig ETH K=  1900.0 tte=3.9d pm 0.22/0.26 fv=0.243 gapT=-0.017 gapM=+0.013
2026-07-18T17:26:23.367631+00:00   sig BTC K= 64000.0 tte=4.9d pm 0.55/0.57 fv=0.571 gapT=+0.001 gapM=+0.011
2026-07-18T17:26:23.367679+00:00   sig ETH K=  1700.0 tte=3.9d pm 0.93/0.96 fv=0.952 gapT=-0.006 gapM=+0.011
2026-07-18T17:26:23.367696+00:00   sig ETH K=  1900.0 tte=2.9d pm 0.18/0.22 fv=0.200 gapT=-0.020 gapM=+0.010
2026-07-18T17:26:23.367709+00:00   sig ETH K=  1800.0 tte=4.9d pm 0.68/0.72 fv=0.699 gapT=-0.021 gapM=+0.009
2026-07-18T17:26:23.367725+00:00   sig BTC K= 60000.0 tte=3.9d pm 0.95/0.97 fv=0.971 gapT=-0.004 gapM=+0.008
2026-07-18T17:26:23.367743+00:00 cycle done: signals=34 entered=0 open=3 deployed=$85.00 bankroll=$100.00
2026-07-18T17:36:29.885084+00:00 scan: 132 live daily-ladder strikes
2026-07-18T17:36:32.023383+00:00   BTC: smiles=ok expiries=5 S_idx=64252.595 S_bin=64336.45
2026-07-18T17:36:33.685817+00:00   ETH: smiles=ok expiries=5 S_idx=1843.1750000000002 S_bin=1846.51
2026-07-18T17:37:02.119938+00:00   sig BTC K= 64000.0 tte=4.9d pm 0.55/0.57 fv=0.578 gapT=+0.008 gapM=+0.018
2026-07-18T17:37:02.120095+00:00   sig ETH K=  1800.0 tte=1.9d pm 0.82/0.84 fv=0.845 gapT=+0.005 gapM=+0.015
2026-07-18T17:37:02.120117+00:00   sig ETH K=  1900.0 tte=4.9d pm 0.25/0.29 fv=0.275 gapT=-0.015 gapM=+0.015
2026-07-18T17:37:02.120133+00:00   sig BTC K= 64000.0 tte=1.9d pm 0.60/0.61 fv=0.624 gapT=+0.014 gapM=+0.014
2026-07-18T17:37:02.120178+00:00   sig ETH K=  1700.0 tte=3.9d pm 0.93/0.96 fv=0.954 gapT=-0.004 gapM=+0.013
2026-07-18T17:37:02.120205+00:00   sig ETH K=  1900.0 tte=3.9d pm 0.23/0.27 fv=0.253 gapT=-0.017 gapM=+0.013
2026-07-18T17:37:02.120221+00:00   sig ETH K=  1800.0 tte=4.9d pm 0.69/0.72 fv=0.708 gapT=-0.012 gapM=+0.008
2026-07-18T17:37:02.120234+00:00   sig BTC K= 64000.0 tte=3.9d pm 0.56/0.58 fv=0.576 gapT=-0.004 gapM=+0.006
2026-07-18T17:37:02.120252+00:00 cycle done: signals=34 entered=0 open=3 deployed=$85.00 bankroll=$100.00
2026-07-18T17:47:07.406698+00:00 scan: 132 live daily-ladder strikes
2026-07-18T17:47:10.326927+00:00   BTC: smiles=ok expiries=5 S_idx=64392.025 S_bin=64467.62
2026-07-18T17:47:11.995117+00:00   ETH: smiles=ok expiries=5 S_idx=1844.9650000000001 S_bin=1850.76
2026-07-18T17:47:36.924119+00:00   sig BTC K= 64000.0 tte=4.9d pm 0.57/0.59 fv=0.600 gapT=+0.010 gapM=+0.020
2026-07-18T17:47:36.924301+00:00   sig BTC K= 62000.0 tte=3.9d pm 0.85/0.86 fv=0.876 gapT=+0.016 gapM=+0.016
2026-07-18T17:47:36.924338+00:00   sig BTC K= 64000.0 tte=3.9d pm 0.58/0.59 fv=0.602 gapT=+0.012 gapM=+0.012
2026-07-18T17:47:36.924362+00:00   sig ETH K=  1700.0 tte=3.9d pm 0.94/0.97 fv=0.957 gapT=-0.012 gapM=+0.011
2026-07-18T17:47:36.924445+00:00   sig ETH K=  1800.0 tte=1.9d pm 0.83/0.84 fv=0.850 gapT=+0.010 gapM=+0.010
2026-07-18T17:47:36.924491+00:00   sig ETH K=  1800.0 tte=4.9d pm 0.71/0.73 fv=0.729 gapT=-0.001 gapM=+0.009
2026-07-18T17:47:36.924637+00:00   sig ETH K=  1900.0 tte=3.9d pm 0.25/0.28 fv=0.269 gapT=-0.011 gapM=+0.009
2026-07-18T17:47:36.924662+00:00   sig ETH K=  2000.0 tte=3.9d pm 0.02/0.05 fv=0.039 gapT=-0.011 gapM=+0.007
2026-07-18T17:47:36.924682+00:00 cycle done: signals=35 entered=0 open=3 deployed=$85.00 bankroll=$100.00
2026-07-18T17:57:42.224508+00:00 scan: 132 live daily-ladder strikes
2026-07-18T17:57:44.180105+00:00   BTC: smiles=ok expiries=5 S_idx=64402.94 S_bin=64460.1
2026-07-18T17:57:45.799843+00:00   ETH: smiles=ok expiries=5 S_idx=1848.565 S_bin=1852.11
2026-07-18T17:58:10.675539+00:00   sig ETH K=  1800.0 tte=4.9d pm 0.71/0.73 fv=0.740 gapT=+0.010 gapM=+0.020
2026-07-18T17:58:10.675696+00:00   sig BTC K= 64000.0 tte=4.9d pm 0.57/0.59 fv=0.599 gapT=+0.009 gapM=+0.019
2026-07-18T17:58:10.675718+00:00   sig ETH K=  1800.0 tte=3.9d pm 0.74/0.77 fv=0.767 gapT=-0.003 gapM=+0.017
2026-07-18T17:58:10.675889+00:00   sig ETH K=  1800.0 tte=1.9d pm 0.83/0.84 fv=0.856 gapT=+0.016 gapM=+0.016
2026-07-18T17:58:10.675916+00:00   sig BTC K= 62000.0 tte=3.9d pm 0.85/0.86 fv=0.876 gapT=+0.016 gapM=+0.016
2026-07-18T17:58:10.675959+00:00   sig BTC K= 64000.0 tte=1.9d pm 0.64/0.65 fv=0.662 gapT=+0.012 gapM=+0.012
2026-07-18T17:58:10.675977+00:00   sig BTC K= 64000.0 tte=3.9d pm 0.58/0.59 fv=0.600 gapT=+0.010 gapM=+0.010
2026-07-18T17:58:10.675990+00:00   sig ETH K=  1900.0 tte=4.9d pm 0.27/0.31 fv=0.289 gapT=-0.021 gapM=+0.009
2026-07-18T17:58:10.676038+00:00 cycle done: signals=35 entered=0 open=3 deployed=$85.00 bankroll=$100.00
2026-07-18T18:08:16.087648+00:00 scan: 132 live daily-ladder strikes
2026-07-18T18:08:18.230908+00:00   BTC: smiles=ok expiries=5 S_idx=64418.095 S_bin=64472.09
2026-07-18T18:08:20.073933+00:00   ETH: smiles=ok expiries=5 S_idx=1849.33 S_bin=1850.82
2026-07-18T18:08:45.798755+00:00   sig ETH K=  1800.0 tte=3.9d pm 0.73/0.77 fv=0.762 gapT=-0.008 gapM=+0.022
2026-07-18T18:08:45.798897+00:00   sig BTC K= 62000.0 tte=3.9d pm 0.85/0.86 fv=0.876 gapT=+0.016 gapM=+0.016
2026-07-18T18:08:45.799037+00:00   sig ETH K=  1800.0 tte=4.9d pm 0.71/0.75 fv=0.736 gapT=-0.014 gapM=+0.016
2026-07-18T18:08:45.799057+00:00   sig BTC K= 62000.0 tte=4.9d pm 0.82/0.83 fv=0.845 gapT=+0.015 gapM=+0.015
2026-07-18T18:08:45.799072+00:00   sig BTC K= 64000.0 tte=1.9d pm 0.64/0.65 fv=0.662 gapT=+0.012 gapM=+0.012
2026-07-18T18:08:45.799117+00:00   sig BTC K= 64000.0 tte=3.9d pm 0.58/0.59 fv=0.601 gapT=+0.011 gapM=+0.011
2026-07-18T18:08:45.799138+00:00   sig ETH K=  1800.0 tte=2.9d pm 0.77/0.81 fv=0.791 gapT=-0.019 gapM=+0.011
2026-07-18T18:08:45.799155+00:00   sig BTC K= 60000.0 tte=3.9d pm 0.95/0.97 fv=0.974 gapT=+0.002 gapM=+0.009
2026-07-18T18:08:45.799175+00:00 cycle done: signals=35 entered=0 open=3 deployed=$85.00 bankroll=$100.00
2026-07-18T18:18:51.619116+00:00 scan: 132 live daily-ladder strikes
2026-07-18T18:18:53.755775+00:00   BTC: smiles=ok expiries=5 S_idx=64431.149999999994 S_bin=64470.01
2026-07-18T18:18:55.386975+00:00   ETH: smiles=ok expiries=5 S_idx=1849.33 S_bin=1851.06
2026-07-18T18:19:21.106838+00:00   sig ETH K=  1800.0 tte=3.9d pm 0.73/0.77 fv=0.764 gapT=-0.006 gapM=+0.024
2026-07-18T18:19:21.106991+00:00   sig BTC K= 64000.0 tte=4.9d pm 0.57/0.59 fv=0.601 gapT=+0.011 gapM=+0.021
2026-07-18T18:19:21.107039+00:00   sig BTC K= 64000.0 tte=3.9d pm 0.58/0.59 fv=0.608 gapT=+0.018 gapM=+0.018
2026-07-18T18:19:21.107059+00:00   sig ETH K=  1800.0 tte=4.9d pm 0.71/0.74 fv=0.738 gapT=-0.002 gapM=+0.018
2026-07-18T18:19:21.107075+00:00   sig BTC K= 64000.0 tte=2.9d pm 0.60/0.61 fv=0.626 gapT=+0.016 gapM=+0.016
2026-07-18T18:19:21.107090+00:00   sig BTC K= 64000.0 tte=1.9d pm 0.64/0.65 fv=0.664 gapT=+0.014 gapM=+0.014
2026-07-18T18:19:21.107104+00:00   sig BTC K= 60000.0 tte=3.9d pm 0.95/0.97 fv=0.977 gapT=+0.005 gapM=+0.014
2026-07-18T18:19:21.107123+00:00   sig ETH K=  1800.0 tte=2.9d pm 0.77/0.81 fv=0.793 gapT=-0.017 gapM=+0.013
2026-07-18T18:19:21.107140+00:00 cycle done: signals=35 entered=0 open=3 deployed=$85.00 bankroll=$100.00
2026-07-18T18:29:26.495522+00:00 scan: 132 live daily-ladder strikes
2026-07-18T18:29:28.517649+00:00   BTC: smiles=ok expiries=5 S_idx=64510.600000000006 S_bin=64577.99
2026-07-18T18:29:30.170913+00:00   ETH: smiles=ok expiries=5 S_idx=1856.36 S_bin=1859.68
2026-07-18T18:29:55.068402+00:00   sig ETH K=  1900.0 tte=4.9d pm 0.30/0.34 fv=0.349 gapT=+0.009 gapM=+0.039
2026-07-18T18:29:55.068636+00:00   sig ETH K=  1800.0 tte=4.9d pm 0.73/0.77 fv=0.767 gapT=-0.003 gapM=+0.027
2026-07-18T18:29:55.068671+00:00   sig BTC K= 66000.0 tte=4.9d pm 0.26/0.29 fv=0.297 gapT=+0.007 gapM=+0.027
2026-07-18T18:29:55.068689+00:00   sig BTC K= 66000.0 tte=3.9d pm 0.23/0.26 fv=0.262 gapT=+0.002 gapM=+0.022
2026-07-18T18:29:55.068704+00:00   sig BTC K= 64000.0 tte=3.9d pm 0.60/0.63 fv=0.631 gapT=+0.001 gapM=+0.021
2026-07-18T18:29:55.068738+00:00   sig ETH K=  1800.0 tte=3.9d pm 0.76/0.80 fv=0.789 gapT=-0.011 gapM=+0.019
2026-07-18T18:29:55.068798+00:00   sig BTC K= 64000.0 tte=4.9d pm 0.59/0.61 fv=0.617 gapT=+0.007 gapM=+0.017
2026-07-18T18:29:55.068885+00:00   sig ETH K=  1900.0 tte=3.9d pm 0.28/0.32 fv=0.307 gapT=-0.013 gapM=+0.017
2026-07-18T18:29:55.068917+00:00 cycle done: signals=33 entered=0 open=3 deployed=$85.00 bankroll=$100.00
2026-07-18T18:40:01.756909+00:00 scan: 132 live daily-ladder strikes
2026-07-18T18:40:03.919359+00:00   BTC: smiles=ok expiries=5 S_idx=64467.08 S_bin=64494.06
2026-07-18T18:40:05.474921+00:00   ETH: smiles=ok expiries=5 S_idx=1857.435 S_bin=1854.74
2026-07-18T18:40:31.028942+00:00   sig ETH K=  1900.0 tte=4.9d pm 0.28/0.32 fv=0.329 gapT=+0.009 gapM=+0.039
2026-07-18T18:40:31.029073+00:00   sig BTC K= 66000.0 tte=4.9d pm 0.25/0.27 fv=0.284 gapT=+0.014 gapM=+0.024
2026-07-18T18:40:31.029099+00:00   sig ETH K=  1800.0 tte=4.9d pm 0.73/0.76 fv=0.755 gapT=-0.005 gapM=+0.015
2026-07-18T18:40:31.029116+00:00   sig ETH K=  1800.0 tte=3.9d pm 0.75/0.79 fv=0.774 gapT=-0.016 gapM=+0.014
2026-07-18T18:40:31.029131+00:00   sig BTC K= 64000.0 tte=2.9d pm 0.61/0.62 fv=0.633 gapT=+0.013 gapM=+0.013
2026-07-18T18:40:31.029280+00:00   sig ETH K=  1900.0 tte=3.9d pm 0.26/0.30 fv=0.282 gapT=-0.018 gapM=+0.012
2026-07-18T18:40:31.029299+00:00   sig BTC K= 66000.0 tte=3.9d pm 0.23/0.26 fv=0.251 gapT=-0.009 gapM=+0.011
2026-07-18T18:40:31.029316+00:00   sig ETH K=  1900.0 tte=1.9d pm 0.15/0.19 fv=0.171 gapT=-0.019 gapM=+0.011
2026-07-18T18:40:31.029334+00:00 cycle done: signals=33 entered=0 open=3 deployed=$85.00 bankroll=$100.00
2026-07-18T18:50:36.656456+00:00 scan: 132 live daily-ladder strikes
2026-07-18T18:50:39.162015+00:00   BTC: smiles=ok expiries=5 S_idx=64443.84 S_bin=64513.53
2026-07-18T18:50:40.833786+00:00   ETH: smiles=ok expiries=5 S_idx=1857.435 S_bin=1857.46
2026-07-18T18:51:07.083074+00:00   sig ETH K=  1900.0 tte=4.9d pm 0.29/0.32 fv=0.340 gapT=+0.020 gapM=+0.040
2026-07-18T18:51:07.083240+00:00   sig BTC K= 66000.0 tte=4.9d pm 0.25/0.28 fv=0.283 gapT=+0.003 gapM=+0.023
2026-07-18T18:51:07.083265+00:00   sig ETH K=  1800.0 tte=4.9d pm 0.73/0.76 fv=0.760 gapT=+0.000 gapM=+0.020
2026-07-18T18:51:07.083281+00:00   sig BTC K= 64000.0 tte=2.9d pm 0.61/0.62 fv=0.636 gapT=+0.016 gapM=+0.016
2026-07-18T18:51:07.083303+00:00   sig ETH K=  1900.0 tte=3.9d pm 0.27/0.30 fv=0.293 gapT=-0.007 gapM=+0.013
2026-07-18T18:51:07.083317+00:00   sig ETH K=  1900.0 tte=1.9d pm 0.16/0.20 fv=0.181 gapT=-0.019 gapM=+0.011
2026-07-18T18:51:07.083332+00:00   sig BTC K= 64000.0 tte=3.9d pm 0.60/0.61 fv=0.621 gapT=+0.011 gapM=+0.011
2026-07-18T18:51:07.083347+00:00   sig ETH K=  1700.0 tte=3.9d pm 0.94/0.97 fv=0.961 gapT=-0.008 gapM=+0.009
2026-07-18T18:51:07.083369+00:00 cycle done: signals=34 entered=0 open=3 deployed=$85.00 bankroll=$100.00
2026-07-18T19:01:12.240845+00:00 scan: 132 live daily-ladder strikes
2026-07-18T19:01:14.182927+00:00   BTC: smiles=ok expiries=5 S_idx=64447.14 S_bin=64516.01
2026-07-18T19:01:15.738310+00:00   ETH: smiles=ok expiries=5 S_idx=1858.225 S_bin=1858.01
2026-07-18T19:01:42.162866+00:00   sig ETH K=  1900.0 tte=4.9d pm 0.30/0.34 fv=0.337 gapT=-0.003 gapM=+0.027
2026-07-18T19:01:42.163011+00:00   sig ETH K=  1900.0 tte=1.9d pm 0.16/0.20 fv=0.191 gapT=-0.009 gapM=+0.021
2026-07-18T19:01:42.163035+00:00   sig BTC K= 66000.0 tte=4.9d pm 0.25/0.27 fv=0.280 gapT=+0.010 gapM=+0.020
2026-07-18T19:01:42.163051+00:00   sig ETH K=  1900.0 tte=2.9d pm 0.25/0.27 fv=0.277 gapT=+0.007 gapM=+0.017
2026-07-18T19:01:42.163066+00:00   sig ETH K=  1900.0 tte=3.9d pm 0.27/0.31 fv=0.293 gapT=-0.017 gapM=+0.013
2026-07-18T19:01:42.163081+00:00   sig ETH K=  1800.0 tte=4.9d pm 0.74/0.76 fv=0.762 gapT=+0.002 gapM=+0.012
2026-07-18T19:01:42.163094+00:00   sig BTC K= 64000.0 tte=3.9d pm 0.60/0.61 fv=0.620 gapT=+0.010 gapM=+0.010
2026-07-18T19:01:42.163108+00:00   sig BTC K= 62000.0 tte=1.9d pm 0.96/0.97 fv=0.977 gapT=+0.009 gapM=+0.007
2026-07-18T19:01:42.163154+00:00 cycle done: signals=33 entered=0 open=3 deployed=$85.00 bankroll=$100.00
2026-07-18T19:11:48.359778+00:00 scan: 132 live daily-ladder strikes
2026-07-18T19:11:50.617885+00:00   BTC: smiles=ok expiries=5 S_idx=64464.94 S_bin=64520.01
2026-07-18T19:11:52.273208+00:00   ETH: smiles=ok expiries=5 S_idx=1857.82 S_bin=1857.49
2026-07-18T19:12:17.626265+00:00   sig ETH K=  1900.0 tte=4.9d pm 0.29/0.33 fv=0.335 gapT=+0.005 gapM=+0.035
2026-07-18T19:12:17.626428+00:00   sig ETH K=  1800.0 tte=4.9d pm 0.73/0.77 fv=0.760 gapT=-0.010 gapM=+0.020
2026-07-18T19:12:17.626454+00:00   sig BTC K= 60000.0 tte=4.9d pm 0.95/0.95 fv=0.969 gapT=+0.014 gapM=+0.011
2026-07-18T19:12:17.626469+00:00   sig ETH K=  1900.0 tte=2.9d pm 0.25/0.27 fv=0.274 gapT=+0.004 gapM=+0.014
2026-07-18T19:12:17.626482+00:00   sig ETH K=  1900.0 tte=3.9d pm 0.27/0.31 fv=0.290 gapT=-0.020 gapM=+0.010
2026-07-18T19:12:17.626495+00:00   sig BTC K= 62000.0 tte=1.9d pm 0.96/0.97 fv=0.977 gapT=+0.009 gapM=+0.007
2026-07-18T19:12:17.626508+00:00   sig ETH K=  1900.0 tte=1.9d pm 0.17/0.20 fv=0.187 gapT=-0.013 gapM=+0.007
2026-07-18T19:12:17.626520+00:00   sig ETH K=  1700.0 tte=3.9d pm 0.95/0.97 fv=0.962 gapT=-0.009 gapM=+0.006
2026-07-18T19:12:17.626538+00:00 cycle done: signals=33 entered=0 open=3 deployed=$85.00 bankroll=$100.00
2026-07-18T19:22:23.311075+00:00 scan: 132 live daily-ladder strikes
2026-07-18T19:22:25.329891+00:00   BTC: smiles=ok expiries=5 S_idx=64483.03 S_bin=64573.49
2026-07-18T19:22:26.923301+00:00   ETH: smiles=ok expiries=5 S_idx=1857.81 S_bin=1858.74
2026-07-18T19:22:52.016502+00:00   sig ETH K=  1900.0 tte=4.9d pm 0.30/0.34 fv=0.340 gapT=-0.000 gapM=+0.030
2026-07-18T19:22:52.016648+00:00   sig ETH K=  1900.0 tte=2.9d pm 0.25/0.27 fv=0.282 gapT=+0.012 gapM=+0.022
2026-07-18T19:22:52.016669+00:00   sig ETH K=  1900.0 tte=3.9d pm 0.27/0.31 fv=0.297 gapT=-0.013 gapM=+0.017
2026-07-18T19:22:52.016715+00:00   sig BTC K= 64000.0 tte=2.9d pm 0.63/0.64 fv=0.656 gapT=+0.016 gapM=+0.016
2026-07-18T19:22:52.016761+00:00   sig ETH K=  1800.0 tte=4.9d pm 0.74/0.77 fv=0.764 gapT=-0.006 gapM=+0.014
2026-07-18T19:22:52.016780+00:00   sig ETH K=  1900.0 tte=1.9d pm 0.17/0.20 fv=0.194 gapT=-0.006 gapM=+0.014
2026-07-18T19:22:52.016794+00:00   sig BTC K= 66000.0 tte=4.9d pm 0.25/0.27 fv=0.272 gapT=+0.002 gapM=+0.012
2026-07-18T19:22:52.016807+00:00   sig ETH K=  1800.0 tte=3.9d pm 0.76/0.80 fv=0.782 gapT=-0.018 gapM=+0.012
2026-07-18T19:22:52.016824+00:00 cycle done: signals=33 entered=0 open=3 deployed=$85.00 bankroll=$100.00
2026-07-18T19:32:57.495948+00:00 scan: 132 live daily-ladder strikes
2026-07-18T19:32:59.540557+00:00   BTC: smiles=ok expiries=5 S_idx=64484.365000000005 S_bin=64509.99
2026-07-18T19:33:01.238058+00:00   ETH: smiles=ok expiries=5 S_idx=1856.955 S_bin=1857.2
2026-07-18T19:33:26.520216+00:00 MAKER EXPIRED ethereum-above-1800-on-july-20-2026
2026-07-18T19:33:26.520750+00:00 ENTER maker_pending ethereum-above-1900-on-july-23-2026 K=1900.0 entry=0.300 fv=0.332 shares=20.9 ($6.26) delta=$7.5/sh hedge=$157 notional
2026-07-18T19:33:26.520965+00:00   sig ETH K=  1900.0 tte=4.9d pm 0.29/0.32 fv=0.332 gapT=+0.012 gapM=+0.032
2026-07-18T19:33:26.521023+00:00   sig BTC K= 64000.0 tte=2.9d pm 0.61/0.62 fv=0.644 gapT=+0.024 gapM=+0.024
2026-07-18T19:33:26.521089+00:00   sig ETH K=  1800.0 tte=4.9d pm 0.73/0.77 fv=0.759 gapT=-0.011 gapM=+0.019
2026-07-18T19:33:26.521115+00:00   sig BTC K= 66000.0 tte=1.9d pm 0.10/0.11 fv=0.123 gapT=+0.013 gapM=+0.009
2026-07-18T19:33:26.521135+00:00   sig BTC K= 64000.0 tte=3.9d pm 0.60/0.61 fv=0.620 gapT=+0.010 gapM=+0.010
2026-07-18T19:33:26.521152+00:00   sig ETH K=  1900.0 tte=3.9d pm 0.27/0.31 fv=0.288 gapT=-0.022 gapM=+0.008
2026-07-18T19:33:26.521168+00:00   sig ETH K=  1900.0 tte=1.9d pm 0.16/0.18 fv=0.176 gapT=-0.004 gapM=+0.006
2026-07-18T19:33:26.521186+00:00   sig BTC K= 64000.0 tte=4.9d pm 0.59/0.60 fv=0.606 gapT=+0.006 gapM=+0.006
2026-07-18T19:33:26.521217+00:00 cycle done: signals=33 entered=1 open=3 deployed=$85.00 bankroll=$100.00
2026-07-18T19:43:45.371358+00:00 scan: 132 live daily-ladder strikes
2026-07-18T19:43:50.244205+00:00   BTC: smiles=ok expiries=5 S_idx=64483.31 S_bin=64531.99
2026-07-18T19:43:53.475064+00:00   ETH: smiles=ok expiries=5 S_idx=1856.86 S_bin=1858.08
2026-07-18T19:44:55.813583+00:00   sig ETH K=  2000.0 tte=4.8d pm 0.04/0.08 fv=0.072 gapT=-0.008 gapM=+0.022
2026-07-18T19:44:55.813892+00:00   sig ETH K=  1900.0 tte=4.8d pm 0.29/0.33 fv=0.322 gapT=-0.008 gapM=+0.022
2026-07-18T19:44:55.813951+00:00   sig BTC K= 64000.0 tte=2.8d pm 0.62/0.63 fv=0.649 gapT=+0.019 gapM=+0.019
2026-07-18T19:44:55.813976+00:00   sig BTC K= 64000.0 tte=3.8d pm 0.60/0.62 fv=0.624 gapT=+0.004 gapM=+0.014
2026-07-18T19:44:55.813997+00:00   sig ETH K=  1900.0 tte=3.8d pm 0.27/0.31 fv=0.291 gapT=-0.019 gapM=+0.011
2026-07-18T19:44:55.814082+00:00   sig ETH K=  1700.0 tte=3.8d pm 0.94/0.97 fv=0.965 gapT=-0.003 gapM=+0.011
2026-07-18T19:44:55.814111+00:00   sig BTC K= 64000.0 tte=4.8d pm 0.59/0.60 fv=0.609 gapT=+0.009 gapM=+0.009
2026-07-18T19:44:55.814158+00:00   sig BTC K= 66000.0 tte=4.8d pm 0.25/0.28 fv=0.268 gapT=-0.012 gapM=+0.008
2026-07-18T19:44:55.814197+00:00 cycle done: signals=33 entered=0 open=3 deployed=$85.00 bankroll=$100.00
2026-07-18T19:55:01.272398+00:00 scan: 132 live daily-ladder strikes
2026-07-18T19:55:03.367850+00:00   BTC: smiles=ok expiries=5 S_idx=64483.395000000004 S_bin=64558.22
2026-07-18T19:55:04.891542+00:00   ETH: smiles=ok expiries=5 S_idx=1856.775 S_bin=1857.99
2026-07-18T19:55:30.944340+00:00   sig BTC K= 64000.0 tte=2.8d pm 0.62/0.63 fv=0.654 gapT=+0.024 gapM=+0.024
2026-07-18T19:55:30.944544+00:00   sig ETH K=  2000.0 tte=4.8d pm 0.04/0.08 fv=0.071 gapT=-0.009 gapM=+0.021
2026-07-18T19:55:30.944589+00:00   sig BTC K= 64000.0 tte=3.8d pm 0.60/0.62 fv=0.628 gapT=+0.008 gapM=+0.018
2026-07-18T19:55:30.944610+00:00   sig BTC K= 64000.0 tte=4.8d pm 0.59/0.61 fv=0.613 gapT=+0.003 gapM=+0.013
2026-07-18T19:55:30.944628+00:00   sig BTC K= 66000.0 tte=4.8d pm 0.25/0.28 fv=0.272 gapT=-0.008 gapM=+0.012
2026-07-18T19:55:30.944645+00:00   sig ETH K=  1900.0 tte=4.8d pm 0.30/0.33 fv=0.321 gapT=-0.009 gapM=+0.011
2026-07-18T19:55:30.944663+00:00   sig ETH K=  1900.0 tte=3.8d pm 0.27/0.31 fv=0.290 gapT=-0.020 gapM=+0.010
2026-07-18T19:55:30.944683+00:00   sig ETH K=  1900.0 tte=1.8d pm 0.16/0.19 fv=0.179 gapT=-0.011 gapM=+0.009
2026-07-18T19:55:30.944708+00:00 cycle done: signals=34 entered=0 open=3 deployed=$85.00 bankroll=$100.00
2026-07-18T20:05:36.148412+00:00 scan: 132 live daily-ladder strikes
2026-07-18T20:05:38.134922+00:00   BTC: smiles=ok expiries=5 S_idx=64502.28 S_bin=64544.01
2026-07-18T20:05:39.678916+00:00   ETH: smiles=ok expiries=5 S_idx=1856.7350000000001 S_bin=1857.82
2026-07-18T20:06:18.647704+00:00   sig ETH K=  1900.0 tte=4.8d pm 0.30/0.33 fv=0.330 gapT=+0.000 gapM=+0.020
2026-07-18T20:06:18.647838+00:00   sig BTC K= 64000.0 tte=3.8d pm 0.60/0.62 fv=0.624 gapT=+0.004 gapM=+0.014
2026-07-18T20:06:18.647906+00:00   sig BTC K= 62000.0 tte=1.8d pm 0.96/0.97 fv=0.982 gapT=+0.013 gapM=+0.010
2026-07-18T20:06:18.647930+00:00   sig ETH K=  1900.0 tte=1.8d pm 0.16/0.19 fv=0.183 gapT=-0.007 gapM=+0.013
2026-07-18T20:06:18.647976+00:00   sig ETH K=  1900.0 tte=3.8d pm 0.27/0.31 fv=0.291 gapT=-0.019 gapM=+0.011
2026-07-18T20:06:18.647998+00:00   sig ETH K=  1700.0 tte=3.8d pm 0.94/0.97 fv=0.963 gapT=-0.012 gapM=+0.010
2026-07-18T20:06:18.648013+00:00   sig BTC K= 64000.0 tte=4.8d pm 0.59/0.61 fv=0.610 gapT=-0.000 gapM=+0.010
2026-07-18T20:06:18.648059+00:00   sig BTC K= 64000.0 tte=2.8d pm 0.63/0.64 fv=0.649 gapT=+0.009 gapM=+0.009
2026-07-18T20:06:18.648089+00:00 cycle done: signals=33 entered=0 open=3 deployed=$85.00 bankroll=$100.00
2026-07-18T20:16:27.235893+00:00 scan: 132 live daily-ladder strikes
2026-07-18T20:16:30.022568+00:00   BTC: smiles=ok expiries=5 S_idx=64508.87 S_bin=64620.0
2026-07-18T20:16:31.943815+00:00   ETH: smiles=ok expiries=5 S_idx=1856.795 S_bin=1859.34
2026-07-18T20:17:03.193696+00:00   sig ETH K=  1900.0 tte=4.8d pm 0.30/0.33 fv=0.336 gapT=+0.006 gapM=+0.026
2026-07-18T20:17:03.193840+00:00   sig BTC K= 64000.0 tte=1.8d pm 0.69/0.70 fv=0.716 gapT=+0.016 gapM=+0.016
2026-07-18T20:17:03.193895+00:00   sig BTC K= 64000.0 tte=2.8d pm 0.64/0.65 fv=0.665 gapT=+0.015 gapM=+0.015
2026-07-18T20:17:03.193916+00:00   sig BTC K= 66000.0 tte=4.8d pm 0.26/0.28 fv=0.283 gapT=+0.003 gapM=+0.013
2026-07-18T20:17:03.194043+00:00   sig BTC K= 64000.0 tte=4.8d pm 0.60/0.62 fv=0.623 gapT=+0.003 gapM=+0.013
2026-07-18T20:17:03.194099+00:00   sig ETH K=  2000.0 tte=4.8d pm 0.04/0.08 fv=0.061 gapT=-0.019 gapM=+0.011
2026-07-18T20:17:03.194125+00:00   sig ETH K=  1900.0 tte=1.8d pm 0.17/0.20 fv=0.190 gapT=-0.010 gapM=+0.010
2026-07-18T20:17:03.194144+00:00   sig ETH K=  1700.0 tte=3.8d pm 0.95/0.97 fv=0.965 gapT=-0.006 gapM=+0.009
2026-07-18T20:17:03.194200+00:00 cycle done: signals=33 entered=0 open=3 deployed=$85.00 bankroll=$100.00
2026-07-18T20:27:08.140840+00:00 scan: 132 live daily-ladder strikes
2026-07-18T20:27:10.179118+00:00   BTC: smiles=ok expiries=5 S_idx=64607.854999999996 S_bin=64650.98
2026-07-18T20:27:11.711490+00:00   ETH: smiles=ok expiries=5 S_idx=1857.08 S_bin=1859.74
2026-07-18T20:27:36.822434+00:00   sig BTC K= 64000.0 tte=1.8d pm 0.70/0.71 fv=0.748 gapT=+0.038 gapM=+0.038
2026-07-18T20:27:36.822572+00:00   sig BTC K= 66000.0 tte=4.8d pm 0.26/0.29 fv=0.305 gapT=+0.015 gapM=+0.035
2026-07-18T20:27:36.822592+00:00   sig ETH K=  1900.0 tte=4.8d pm 0.30/0.34 fv=0.334 gapT=-0.006 gapM=+0.024
2026-07-18T20:27:36.822875+00:00   sig ETH K=  1900.0 tte=2.8d pm 0.25/0.29 fv=0.279 gapT=-0.011 gapM=+0.019
2026-07-18T20:27:36.822895+00:00   sig ETH K=  1900.0 tte=1.8d pm 0.17/0.20 fv=0.195 gapT=-0.005 gapM=+0.015
2026-07-18T20:27:36.822910+00:00   sig ETH K=  1700.0 tte=3.8d pm 0.94/0.97 fv=0.966 gapT=-0.009 gapM=+0.012
2026-07-18T20:27:36.822923+00:00   sig BTC K= 64000.0 tte=2.8d pm 0.66/0.67 fv=0.678 gapT=+0.008 gapM=+0.008
2026-07-18T20:27:36.822935+00:00   sig ETH K=  1900.0 tte=3.8d pm 0.28/0.32 fv=0.295 gapT=-0.025 gapM=+0.005
2026-07-18T20:27:36.822955+00:00 cycle done: signals=32 entered=0 open=3 deployed=$85.00 bankroll=$100.00
2026-07-18T20:37:42.249866+00:00 scan: 132 live daily-ladder strikes
2026-07-18T20:37:44.188109+00:00   BTC: smiles=ok expiries=5 S_idx=64607.854999999996 S_bin=64592.0
2026-07-18T20:37:45.735778+00:00   ETH: smiles=ok expiries=5 S_idx=1857.1350000000002 S_bin=1857.0
2026-07-18T20:38:10.861869+00:00 MAKER EXPIRED bitcoin-above-64k-on-july-20-2026
2026-07-18T20:38:10.862019+00:00 MAKER EXPIRED bitcoin-above-64k-on-july-22-2026
2026-07-18T20:38:10.862289+00:00 ENTER maker_pending bitcoin-above-66k-on-july-23-2026 K=66000.0 entry=0.260 fv=0.294 shares=38.5 ($10.00) delta=$9.0/sh hedge=$346 notional
2026-07-18T20:38:10.862398+00:00   sig BTC K= 64000.0 tte=1.8d pm 0.68/0.69 fv=0.735 gapT=+0.045 gapM=+0.045
2026-07-18T20:38:10.862450+00:00   sig BTC K= 66000.0 tte=4.8d pm 0.25/0.28 fv=0.294 gapT=+0.014 gapM=+0.034
2026-07-18T20:38:10.862475+00:00   sig ETH K=  1900.0 tte=4.8d pm 0.29/0.33 fv=0.323 gapT=-0.007 gapM=+0.023
2026-07-18T20:38:10.862495+00:00   sig ETH K=  1900.0 tte=1.8d pm 0.16/0.18 fv=0.189 gapT=+0.009 gapM=+0.019
2026-07-18T20:38:10.862520+00:00   sig ETH K=  1700.0 tte=3.8d pm 0.94/0.97 fv=0.964 gapT=-0.011 gapM=+0.009
2026-07-18T20:38:10.862537+00:00   sig BTC K= 66000.0 tte=3.8d pm 0.23/0.26 fv=0.247 gapT=-0.013 gapM=+0.007
2026-07-18T20:38:10.862555+00:00   sig ETH K=  2000.0 tte=4.8d pm 0.04/0.08 fv=0.057 gapT=-0.023 gapM=+0.007
2026-07-18T20:38:10.862571+00:00   sig ETH K=  1900.0 tte=2.8d pm 0.24/0.27 fv=0.256 gapT=-0.014 gapM=+0.006
2026-07-18T20:38:10.862591+00:00 cycle done: signals=33 entered=1 open=2 deployed=$66.60 bankroll=$100.00
2026-07-18T20:48:16.253937+00:00 scan: 132 live daily-ladder strikes
2026-07-18T20:48:18.219797+00:00   BTC: smiles=ok expiries=5 S_idx=64607.854999999996 S_bin=64587.73
2026-07-18T20:48:19.750882+00:00   ETH: smiles=ok expiries=5 S_idx=1856.86 S_bin=1856.75
2026-07-18T20:48:45.498640+00:00   sig BTC K= 64000.0 tte=1.8d pm 0.68/0.69 fv=0.735 gapT=+0.045 gapM=+0.045
2026-07-18T20:48:45.498837+00:00   sig BTC K= 66000.0 tte=4.8d pm 0.25/0.28 fv=0.293 gapT=+0.013 gapM=+0.033
2026-07-18T20:48:45.498860+00:00   sig ETH K=  1900.0 tte=4.8d pm 0.29/0.33 fv=0.328 gapT=-0.002 gapM=+0.028
2026-07-18T20:48:45.498877+00:00   sig ETH K=  1900.0 tte=1.8d pm 0.16/0.19 fv=0.188 gapT=-0.002 gapM=+0.018
2026-07-18T20:48:45.498893+00:00   sig ETH K=  1700.0 tte=3.8d pm 0.94/0.97 fv=0.963 gapT=-0.012 gapM=+0.008
2026-07-18T20:48:45.499004+00:00   sig BTC K= 66000.0 tte=3.8d pm 0.23/0.27 fv=0.247 gapT=-0.023 gapM=+0.007
2026-07-18T20:48:45.499025+00:00   sig ETH K=  2000.0 tte=4.8d pm 0.04/0.08 fv=0.057 gapT=-0.023 gapM=+0.007
2026-07-18T20:48:45.499048+00:00   sig ETH K=  1900.0 tte=3.8d pm 0.27/0.31 fv=0.285 gapT=-0.025 gapM=+0.005
2026-07-18T20:48:45.499072+00:00 cycle done: signals=33 entered=0 open=2 deployed=$66.60 bankroll=$100.00
2026-07-18T20:58:50.778734+00:00 scan: 132 live daily-ladder strikes
2026-07-18T20:58:52.722315+00:00   BTC: smiles=ok expiries=5 S_idx=64626.675 S_bin=64702.99
2026-07-18T20:58:54.251526+00:00   ETH: smiles=ok expiries=5 S_idx=1856.82 S_bin=1857.41
2026-07-18T20:59:20.129133+00:00   sig ETH K=  1900.0 tte=4.8d pm 0.29/0.33 fv=0.333 gapT=+0.003 gapM=+0.033
2026-07-18T20:59:20.129292+00:00   sig BTC K= 64000.0 tte=1.8d pm 0.71/0.72 fv=0.747 gapT=+0.027 gapM=+0.027
2026-07-18T20:59:20.129317+00:00   sig BTC K= 66000.0 tte=4.8d pm 0.27/0.30 fv=0.304 gapT=+0.004 gapM=+0.024
2026-07-18T20:59:20.129491+00:00   sig ETH K=  1900.0 tte=1.8d pm 0.16/0.18 fv=0.190 gapT=+0.010 gapM=+0.020
2026-07-18T20:59:20.129513+00:00   sig BTC K= 64000.0 tte=2.8d pm 0.66/0.67 fv=0.686 gapT=+0.016 gapM=+0.016
2026-07-18T20:59:20.129529+00:00   sig BTC K= 64000.0 tte=4.8d pm 0.61/0.64 fv=0.635 gapT=-0.005 gapM=+0.015
2026-07-18T20:59:20.129543+00:00   sig BTC K= 64000.0 tte=3.8d pm 0.63/0.66 fv=0.653 gapT=-0.007 gapM=+0.013
2026-07-18T20:59:20.129557+00:00   sig ETH K=  1700.0 tte=3.8d pm 0.94/0.97 fv=0.964 gapT=-0.011 gapM=+0.013
2026-07-18T20:59:20.129576+00:00 cycle done: signals=33 entered=0 open=2 deployed=$66.60 bankroll=$100.00
2026-07-18T21:09:25.580260+00:00 scan: 132 live daily-ladder strikes
2026-07-18T21:09:27.828826+00:00   BTC: smiles=ok expiries=5 S_idx=64638.295 S_bin=64649.92
2026-07-18T21:09:29.799540+00:00   ETH: smiles=ok expiries=5 S_idx=1856.7350000000001 S_bin=1856.3
2026-07-18T21:09:55.003743+00:00   sig BTC K= 64000.0 tte=1.8d pm 0.70/0.71 fv=0.734 gapT=+0.024 gapM=+0.024
2026-07-18T21:09:55.003883+00:00   sig BTC K= 66000.0 tte=4.8d pm 0.26/0.29 fv=0.292 gapT=+0.002 gapM=+0.022
2026-07-18T21:09:55.003905+00:00   sig ETH K=  1900.0 tte=1.8d pm 0.15/0.18 fv=0.178 gapT=-0.002 gapM=+0.018
2026-07-18T21:09:55.003922+00:00   sig ETH K=  1900.0 tte=4.8d pm 0.29/0.33 fv=0.317 gapT=-0.013 gapM=+0.017
2026-07-18T21:09:55.003936+00:00   sig ETH K=  1700.0 tte=3.8d pm 0.94/0.98 fv=0.964 gapT=-0.012 gapM=+0.015
2026-07-18T21:09:55.003949+00:00   sig BTC K= 64000.0 tte=2.8d pm 0.65/0.66 fv=0.674 gapT=+0.014 gapM=+0.014
2026-07-18T21:09:55.003962+00:00   sig ETH K=  1800.0 tte=3.8d pm 0.75/0.79 fv=0.773 gapT=-0.017 gapM=+0.013
2026-07-18T21:09:55.003999+00:00   sig BTC K= 64000.0 tte=3.8d pm 0.62/0.65 fv=0.640 gapT=-0.010 gapM=+0.010
2026-07-18T21:09:55.004049+00:00 cycle done: signals=34 entered=0 open=2 deployed=$66.60 bankroll=$100.00
2026-07-18T21:20:00.194608+00:00 scan: 132 live daily-ladder strikes
2026-07-18T21:20:02.136879+00:00   BTC: smiles=ok expiries=5 S_idx=64780.58 S_bin=64798.01
2026-07-18T21:20:03.701519+00:00   ETH: smiles=ok expiries=5 S_idx=1856.66 S_bin=1862.2
2026-07-18T21:20:29.476882+00:00   sig ETH K=  1900.0 tte=1.8d pm 0.18/0.21 fv=0.219 gapT=+0.009 gapM=+0.029
2026-07-18T21:20:29.477018+00:00   sig ETH K=  1900.0 tte=4.8d pm 0.31/0.35 fv=0.344 gapT=-0.006 gapM=+0.024
2026-07-18T21:20:29.477040+00:00   sig ETH K=  1800.0 tte=4.8d pm 0.74/0.78 fv=0.768 gapT=-0.012 gapM=+0.018
2026-07-18T21:20:29.477055+00:00   sig BTC K= 66000.0 tte=4.8d pm 0.28/0.31 fv=0.308 gapT=-0.002 gapM=+0.018
2026-07-18T21:20:29.477068+00:00   sig ETH K=  1800.0 tte=3.8d pm 0.77/0.80 fv=0.797 gapT=-0.003 gapM=+0.017
2026-07-18T21:20:29.477082+00:00   sig BTC K= 68000.0 tte=4.8d pm 0.07/0.10 fv=0.093 gapT=-0.005 gapM=+0.013
2026-07-18T21:20:29.477096+00:00   sig BTC K= 64000.0 tte=4.8d pm 0.62/0.65 fv=0.642 gapT=-0.008 gapM=+0.012
2026-07-18T21:20:29.477109+00:00   sig ETH K=  1700.0 tte=3.8d pm 0.95/0.98 fv=0.969 gapT=-0.007 gapM=+0.011
2026-07-18T21:20:29.477235+00:00 cycle done: signals=32 entered=0 open=2 deployed=$66.60 bankroll=$100.00
2026-07-18T21:30:35.578005+00:00 scan: 132 live daily-ladder strikes
2026-07-18T21:30:37.640200+00:00   BTC: smiles=ok expiries=5 S_idx=64780.58 S_bin=64708.01
2026-07-18T21:30:39.401339+00:00   ETH: smiles=ok expiries=5 S_idx=1856.66 S_bin=1858.83
2026-07-18T21:31:08.947219+00:00   sig BTC K= 66000.0 tte=4.8d pm 0.27/0.30 fv=0.312 gapT=+0.012 gapM=+0.032
2026-07-18T21:31:08.947401+00:00   sig BTC K= 64000.0 tte=2.8d pm 0.67/0.68 fv=0.699 gapT=+0.019 gapM=+0.019
2026-07-18T21:31:08.947427+00:00   sig ETH K=  1900.0 tte=4.8d pm 0.30/0.34 fv=0.325 gapT=-0.015 gapM=+0.015
2026-07-18T21:31:08.947442+00:00   sig ETH K=  1900.0 tte=1.8d pm 0.17/0.20 fv=0.194 gapT=-0.006 gapM=+0.014
2026-07-18T21:31:08.947455+00:00   sig ETH K=  1800.0 tte=3.8d pm 0.76/0.80 fv=0.783 gapT=-0.017 gapM=+0.013
2026-07-18T21:31:08.947469+00:00   sig BTC K= 64000.0 tte=1.8d pm 0.72/0.73 fv=0.742 gapT=+0.012 gapM=+0.012
2026-07-18T21:31:08.947483+00:00   sig ETH K=  1700.0 tte=3.8d pm 0.94/0.98 fv=0.966 gapT=-0.010 gapM=+0.012
2026-07-18T21:31:08.947613+00:00   sig BTC K= 64000.0 tte=4.8d pm 0.62/0.64 fv=0.638 gapT=-0.002 gapM=+0.008
2026-07-18T21:31:08.947637+00:00 cycle done: signals=33 entered=0 open=2 deployed=$66.60 bankroll=$100.00
2026-07-18T21:41:14.441123+00:00 scan: 132 live daily-ladder strikes
2026-07-18T21:41:16.493816+00:00   BTC: smiles=ok expiries=5 S_idx=64690.755 S_bin=64675.0
2026-07-18T21:41:18.085420+00:00   ETH: smiles=ok expiries=5 S_idx=1856.66 S_bin=1858.51
2026-07-18T21:41:44.591512+00:00   sig BTC K= 66000.0 tte=4.8d pm 0.26/0.29 fv=0.303 gapT=+0.013 gapM=+0.033
2026-07-18T21:41:44.591692+00:00   sig BTC K= 64000.0 tte=3.8d pm 0.62/0.65 fv=0.649 gapT=-0.001 gapM=+0.019
2026-07-18T21:41:44.591722+00:00   sig ETH K=  1900.0 tte=4.8d pm 0.30/0.34 fv=0.324 gapT=-0.016 gapM=+0.014
2026-07-18T21:41:44.591738+00:00   sig ETH K=  1700.0 tte=3.8d pm 0.94/0.98 fv=0.966 gapT=-0.010 gapM=+0.013
2026-07-18T21:41:44.591753+00:00   sig ETH K=  1800.0 tte=3.8d pm 0.76/0.80 fv=0.783 gapT=-0.017 gapM=+0.013
2026-07-18T21:41:44.591767+00:00   sig ETH K=  1900.0 tte=1.8d pm 0.17/0.19 fv=0.192 gapT=+0.002 gapM=+0.012
2026-07-18T21:41:44.591780+00:00   sig ETH K=  1900.0 tte=3.8d pm 0.27/0.32 fv=0.287 gapT=-0.033 gapM=+0.007
2026-07-18T21:41:44.591794+00:00   sig ETH K=  2000.0 tte=4.8d pm 0.04/0.08 fv=0.056 gapT=-0.024 gapM=+0.006
2026-07-18T21:41:44.591811+00:00 cycle done: signals=33 entered=0 open=2 deployed=$66.60 bankroll=$100.00
2026-07-18T21:51:50.077007+00:00 scan: 132 live daily-ladder strikes
2026-07-18T21:51:52.149213+00:00   BTC: smiles=ok expiries=5 S_idx=64658.520000000004 S_bin=64720.73
2026-07-18T21:51:53.685584+00:00   ETH: smiles=ok expiries=5 S_idx=1856.7150000000001 S_bin=1859.98
2026-07-18T21:52:19.634970+00:00   sig BTC K= 66000.0 tte=4.8d pm 0.27/0.31 fv=0.324 gapT=+0.014 gapM=+0.044
2026-07-18T21:52:19.635168+00:00   sig ETH K=  1900.0 tte=1.8d pm 0.17/0.19 fv=0.204 gapT=+0.014 gapM=+0.024
2026-07-18T21:52:19.635203+00:00   sig ETH K=  1900.0 tte=4.8d pm 0.30/0.34 fv=0.332 gapT=-0.008 gapM=+0.022
2026-07-18T21:52:19.635220+00:00   sig BTC K= 64000.0 tte=3.8d pm 0.63/0.66 fv=0.658 gapT=-0.002 gapM=+0.018
2026-07-18T21:52:19.635234+00:00   sig BTC K= 64000.0 tte=4.8d pm 0.62/0.64 fv=0.647 gapT=+0.007 gapM=+0.017
2026-07-18T21:52:19.635248+00:00   sig BTC K= 66000.0 tte=3.8d pm 0.25/0.28 fv=0.276 gapT=-0.004 gapM=+0.016
2026-07-18T21:52:19.635262+00:00   sig ETH K=  1700.0 tte=3.8d pm 0.94/0.98 fv=0.968 gapT=-0.008 gapM=+0.015
2026-07-18T21:52:19.635294+00:00   sig ETH K=  1900.0 tte=2.8d pm 0.25/0.29 fv=0.273 gapT=-0.017 gapM=+0.013
2026-07-18T21:52:19.635319+00:00 cycle done: signals=33 entered=0 open=2 deployed=$66.60 bankroll=$100.00
2026-07-18T22:02:25.745476+00:00 scan: 132 live daily-ladder strikes
2026-07-18T22:02:27.761862+00:00   BTC: smiles=ok expiries=5 S_idx=64660.96 S_bin=64748.67
2026-07-18T22:02:29.353673+00:00   ETH: smiles=ok expiries=5 S_idx=1857.98 S_bin=1862.0
2026-07-18T22:02:55.765971+00:00   sig BTC K= 66000.0 tte=4.7d pm 0.28/0.31 fv=0.328 gapT=+0.018 gapM=+0.038
2026-07-18T22:02:55.766328+00:00   sig ETH K=  1900.0 tte=1.7d pm 0.18/0.20 fv=0.219 gapT=+0.019 gapM=+0.029
2026-07-18T22:02:55.766380+00:00   sig ETH K=  1900.0 tte=4.7d pm 0.31/0.35 fv=0.342 gapT=-0.008 gapM=+0.022
2026-07-18T22:02:55.766401+00:00   sig BTC K= 64000.0 tte=4.7d pm 0.62/0.64 fv=0.650 gapT=+0.010 gapM=+0.020
2026-07-18T22:02:55.766476+00:00   sig ETH K=  1800.0 tte=4.7d pm 0.74/0.78 fv=0.768 gapT=-0.012 gapM=+0.018
2026-07-18T22:02:55.766498+00:00   sig ETH K=  1900.0 tte=2.7d pm 0.26/0.29 fv=0.288 gapT=-0.002 gapM=+0.018
2026-07-18T22:02:55.766529+00:00   sig ETH K=  1800.0 tte=3.7d pm 0.77/0.81 fv=0.797 gapT=-0.013 gapM=+0.017
2026-07-18T22:02:55.766547+00:00   sig ETH K=  1900.0 tte=3.7d pm 0.28/0.33 fv=0.306 gapT=-0.024 gapM=+0.016
2026-07-18T22:02:55.766564+00:00 cycle done: signals=32 entered=0 open=2 deployed=$66.60 bankroll=$100.00
2026-07-18T22:13:00.910058+00:00 scan: 132 live daily-ladder strikes
2026-07-18T22:13:02.505099+00:00   BTC: smiles=ok expiries=5 S_idx=64715.05 S_bin=64846.01
2026-07-18T22:13:04.013959+00:00   ETH: smiles=ok expiries=5 S_idx=1858.44 S_bin=1865.12
2026-07-18T22:13:29.172911+00:00   sig BTC K= 66000.0 tte=4.7d pm 0.29/0.32 fv=0.345 gapT=+0.025 gapM=+0.045
2026-07-18T22:13:29.173043+00:00   sig ETH K=  1900.0 tte=4.7d pm 0.32/0.36 fv=0.354 gapT=-0.006 gapM=+0.024
2026-07-18T22:13:29.173064+00:00   sig ETH K=  1900.0 tte=1.7d pm 0.20/0.23 fv=0.231 gapT=+0.001 gapM=+0.021
2026-07-18T22:13:29.173080+00:00   sig BTC K= 66000.0 tte=3.7d pm 0.27/0.30 fv=0.301 gapT=+0.001 gapM=+0.021
2026-07-18T22:13:29.173094+00:00   sig ETH K=  1800.0 tte=3.7d pm 0.78/0.82 fv=0.807 gapT=-0.013 gapM=+0.017
2026-07-18T22:13:29.173108+00:00   sig ETH K=  1900.0 tte=2.7d pm 0.28/0.31 fv=0.304 gapT=-0.006 gapM=+0.014
2026-07-18T22:13:29.173121+00:00   sig BTC K= 64000.0 tte=4.7d pm 0.64/0.66 fv=0.664 gapT=+0.004 gapM=+0.014
2026-07-18T22:13:29.173134+00:00   sig ETH K=  1700.0 tte=3.7d pm 0.95/0.98 fv=0.971 gapT=-0.005 gapM=+0.012
2026-07-18T22:13:29.173195+00:00 cycle done: signals=31 entered=0 open=2 deployed=$66.60 bankroll=$100.00
2026-07-18T22:23:35.663923+00:00 scan: 132 live daily-ladder strikes
2026-07-18T22:23:37.639726+00:00   BTC: smiles=ok expiries=5 S_idx=64746.255000000005 S_bin=64777.34
2026-07-18T22:23:39.381762+00:00   ETH: smiles=ok expiries=5 S_idx=1860.445 S_bin=1862.8
2026-07-18T22:24:05.688534+00:00   sig BTC K= 66000.0 tte=1.7d pm 0.15/0.15 fv=0.199 gapT=+0.048 gapM=+0.039
2026-07-18T22:24:05.688892+00:00   sig ETH K=  1900.0 tte=4.7d pm 0.31/0.35 fv=0.344 gapT=-0.006 gapM=+0.024
2026-07-18T22:24:05.688918+00:00   sig ETH K=  1700.0 tte=3.7d pm 0.95/0.98 fv=0.971 gapT=-0.005 gapM=+0.012
2026-07-18T22:24:05.688958+00:00   sig ETH K=  1900.0 tte=1.7d pm 0.19/0.21 fv=0.211 gapT=+0.001 gapM=+0.011
2026-07-18T22:24:05.688983+00:00   sig BTC K= 64000.0 tte=4.7d pm 0.64/0.65 fv=0.661 gapT=+0.011 gapM=+0.011
2026-07-18T22:24:05.689000+00:00   sig BTC K= 64000.0 tte=3.7d pm 0.65/0.67 fv=0.669 gapT=-0.001 gapM=+0.009
2026-07-18T22:24:05.689062+00:00   sig ETH K=  1900.0 tte=3.7d pm 0.29/0.33 fv=0.309 gapT=-0.021 gapM=+0.009
2026-07-18T22:24:05.689083+00:00   sig ETH K=  2000.0 tte=4.7d pm 0.05/0.08 fv=0.068 gapT=-0.012 gapM=+0.008
2026-07-18T22:24:05.689158+00:00 cycle done: signals=31 entered=0 open=2 deployed=$66.60 bankroll=$100.00
2026-07-18T22:34:11.648707+00:00 scan: 132 live daily-ladder strikes
2026-07-18T22:34:13.580965+00:00   BTC: smiles=ok expiries=5 S_idx=64739.96000000001 S_bin=64738.96
2026-07-18T22:34:15.066637+00:00   ETH: smiles=ok expiries=5 S_idx=1860.7350000000001 S_bin=1861.67
2026-07-18T22:34:40.647415+00:00   sig BTC K= 66000.0 tte=1.7d pm 0.14/0.15 fv=0.190 gapT=+0.041 gapM=+0.039
2026-07-18T22:34:40.647641+00:00   sig ETH K=  1900.0 tte=1.7d pm 0.18/0.21 fv=0.213 gapT=+0.003 gapM=+0.023
2026-07-18T22:34:40.647666+00:00   sig ETH K=  1900.0 tte=4.7d pm 0.31/0.35 fv=0.340 gapT=-0.010 gapM=+0.020
2026-07-18T22:34:40.647683+00:00   sig ETH K=  1800.0 tte=3.7d pm 0.77/0.81 fv=0.793 gapT=-0.017 gapM=+0.013
2026-07-18T22:34:40.647760+00:00   sig ETH K=  1700.0 tte=3.7d pm 0.95/0.98 fv=0.971 gapT=-0.005 gapM=+0.013
2026-07-18T22:34:40.647798+00:00   sig BTC K= 62000.0 tte=4.7d pm 0.86/0.89 fv=0.882 gapT=-0.008 gapM=+0.012
2026-07-18T22:34:40.647815+00:00   sig BTC K= 64000.0 tte=3.7d pm 0.64/0.66 fv=0.659 gapT=-0.001 gapM=+0.009
2026-07-18T22:34:40.647827+00:00   sig ETH K=  1800.0 tte=4.7d pm 0.74/0.78 fv=0.758 gapT=-0.022 gapM=+0.008
2026-07-18T22:34:40.647843+00:00 cycle done: signals=30 entered=0 open=2 deployed=$66.60 bankroll=$100.00
2026-07-18T22:44:46.016864+00:00 scan: 132 live daily-ladder strikes
2026-07-18T22:44:48.398493+00:00   BTC: smiles=ok expiries=5 S_idx=64704.5 S_bin=64778.46
2026-07-18T22:44:49.923275+00:00   ETH: smiles=ok expiries=5 S_idx=1860.6950000000002 S_bin=1862.67
2026-07-18T22:45:27.097790+00:00   sig ETH K=  1900.0 tte=4.7d pm 0.31/0.35 fv=0.340 gapT=-0.010 gapM=+0.020
2026-07-18T22:45:27.097962+00:00   sig ETH K=  1900.0 tte=1.7d pm 0.19/0.21 fv=0.218 gapT=+0.008 gapM=+0.018
2026-07-18T22:45:27.097985+00:00   sig ETH K=  1800.0 tte=3.7d pm 0.77/0.82 fv=0.796 gapT=-0.024 gapM=+0.016
2026-07-18T22:45:27.098124+00:00   sig ETH K=  1700.0 tte=3.7d pm 0.95/0.98 fv=0.972 gapT=-0.004 gapM=+0.016
2026-07-18T22:45:27.098146+00:00   sig BTC K= 62000.0 tte=4.7d pm 0.86/0.89 fv=0.885 gapT=-0.005 gapM=+0.015
2026-07-18T22:45:27.098165+00:00   sig BTC K= 66000.0 tte=4.7d pm 0.28/0.31 fv=0.303 gapT=-0.007 gapM=+0.013
2026-07-18T22:45:27.098180+00:00   sig ETH K=  2000.0 tte=4.7d pm 0.05/0.08 fv=0.067 gapT=-0.013 gapM=+0.007
2026-07-18T22:45:27.098194+00:00   sig ETH K=  1900.0 tte=3.7d pm 0.29/0.33 fv=0.307 gapT=-0.023 gapM=+0.007
2026-07-18T22:45:27.098212+00:00 cycle done: signals=31 entered=0 open=2 deployed=$66.60 bankroll=$100.00
2026-07-18T22:55:32.420565+00:00 scan: 132 live daily-ladder strikes
2026-07-18T22:55:34.169522+00:00   BTC: smiles=ok expiries=5 S_idx=64723.26 S_bin=64791.44
2026-07-18T22:55:35.699866+00:00   ETH: smiles=ok expiries=5 S_idx=1861.2649999999999 S_bin=1863.52
2026-07-18T22:56:01.296586+00:00   sig BTC K= 66000.0 tte=4.7d pm 0.28/0.31 fv=0.320 gapT=+0.010 gapM=+0.030
2026-07-18T22:56:01.296779+00:00   sig ETH K=  1900.0 tte=4.7d pm 0.31/0.35 fv=0.344 gapT=-0.006 gapM=+0.024
2026-07-18T22:56:01.296807+00:00   sig ETH K=  1900.0 tte=1.7d pm 0.19/0.22 fv=0.220 gapT=+0.000 gapM=+0.020
2026-07-18T22:56:01.296865+00:00   sig BTC K= 64000.0 tte=1.7d pm 0.74/0.75 fv=0.769 gapT=+0.019 gapM=+0.019
2026-07-18T22:56:01.296890+00:00   sig BTC K= 64000.0 tte=4.7d pm 0.63/0.65 fv=0.657 gapT=+0.007 gapM=+0.017
2026-07-18T22:56:01.296910+00:00   sig BTC K= 64000.0 tte=3.7d pm 0.65/0.67 fv=0.674 gapT=+0.004 gapM=+0.014
2026-07-18T22:56:01.296929+00:00   sig ETH K=  1700.0 tte=3.7d pm 0.95/0.98 fv=0.972 gapT=-0.004 gapM=+0.014
2026-07-18T22:56:01.296949+00:00   sig ETH K=  1900.0 tte=3.7d pm 0.29/0.33 fv=0.311 gapT=-0.019 gapM=+0.011
2026-07-18T22:56:01.296977+00:00 cycle done: signals=31 entered=0 open=2 deployed=$66.60 bankroll=$100.00
2026-07-18T23:06:06.728342+00:00 scan: 132 live daily-ladder strikes
2026-07-18T23:06:08.367921+00:00   BTC: smiles=ok expiries=5 S_idx=64764.035 S_bin=64796.02
2026-07-18T23:06:09.860535+00:00   ETH: smiles=ok expiries=5 S_idx=1862.33 S_bin=1863.98
2026-07-18T23:06:35.133461+00:00   sig ETH K=  1900.0 tte=1.7d pm 0.19/0.22 fv=0.235 gapT=+0.015 gapM=+0.035
2026-07-18T23:06:35.133590+00:00   sig ETH K=  1900.0 tte=4.7d pm 0.31/0.36 fv=0.345 gapT=-0.015 gapM=+0.025
2026-07-18T23:06:35.133612+00:00   sig BTC K= 66000.0 tte=4.7d pm 0.29/0.31 fv=0.321 gapT=+0.011 gapM=+0.021
2026-07-18T23:06:35.133629+00:00   sig BTC K= 64000.0 tte=4.7d pm 0.63/0.65 fv=0.658 gapT=+0.008 gapM=+0.018
2026-07-18T23:06:35.133643+00:00   sig BTC K= 64000.0 tte=3.7d pm 0.65/0.68 fv=0.675 gapT=-0.005 gapM=+0.015
2026-07-18T23:06:35.133687+00:00   sig ETH K=  1700.0 tte=3.7d pm 0.95/0.98 fv=0.973 gapT=-0.003 gapM=+0.013
2026-07-18T23:06:35.133706+00:00   sig ETH K=  1800.0 tte=3.7d pm 0.78/0.82 fv=0.801 gapT=-0.019 gapM=+0.011
2026-07-18T23:06:35.133722+00:00   sig BTC K= 64000.0 tte=1.7d pm 0.75/0.76 fv=0.771 gapT=+0.011 gapM=+0.011
2026-07-18T23:06:35.133838+00:00 cycle done: signals=30 entered=0 open=2 deployed=$66.60 bankroll=$100.00
2026-07-18T23:16:40.229699+00:00 scan: 132 live daily-ladder strikes
2026-07-18T23:16:41.910164+00:00   BTC: smiles=ok expiries=5 S_idx=64760.75 S_bin=64790.01
2026-07-18T23:16:43.409599+00:00   ETH: smiles=ok expiries=5 S_idx=1861.22 S_bin=1861.6
2026-07-18T23:17:08.307848+00:00   sig BTC K= 66000.0 tte=4.7d pm 0.28/0.31 fv=0.326 gapT=+0.016 gapM=+0.036
2026-07-18T23:17:08.308034+00:00   sig BTC K= 66000.0 tte=3.7d pm 0.26/0.29 fv=0.291 gapT=+0.001 gapM=+0.021
2026-07-18T23:17:08.308107+00:00   sig BTC K= 64000.0 tte=1.7d pm 0.74/0.75 fv=0.769 gapT=+0.019 gapM=+0.019
2026-07-18T23:17:08.308141+00:00   sig BTC K= 64000.0 tte=4.7d pm 0.62/0.65 fv=0.648 gapT=-0.002 gapM=+0.018
2026-07-18T23:17:08.308164+00:00   sig ETH K=  1800.0 tte=1.7d pm 0.88/0.90 fv=0.907 gapT=+0.007 gapM=+0.017
2026-07-18T23:17:08.308185+00:00   sig ETH K=  1900.0 tte=4.7d pm 0.31/0.35 fv=0.335 gapT=-0.015 gapM=+0.015
2026-07-18T23:17:08.308333+00:00   sig ETH K=  1900.0 tte=3.7d pm 0.28/0.33 fv=0.301 gapT=-0.029 gapM=+0.011
2026-07-18T23:17:08.308353+00:00   sig ETH K=  1700.0 tte=3.7d pm 0.95/0.98 fv=0.971 gapT=-0.005 gapM=+0.011
2026-07-18T23:17:08.308374+00:00 cycle done: signals=31 entered=0 open=2 deployed=$66.60 bankroll=$100.00
2026-07-18T23:27:13.470034+00:00 scan: 132 live daily-ladder strikes
2026-07-18T23:27:15.140795+00:00   BTC: smiles=ok expiries=5 S_idx=64761.085 S_bin=64826.01
2026-07-18T23:27:16.679413+00:00   ETH: smiles=ok expiries=5 S_idx=1861.22 S_bin=1862.49
2026-07-18T23:27:42.574625+00:00   sig BTC K= 66000.0 tte=4.7d pm 0.29/0.31 fv=0.322 gapT=+0.012 gapM=+0.022
2026-07-18T23:27:42.574881+00:00   sig ETH K=  1900.0 tte=4.7d pm 0.31/0.35 fv=0.339 gapT=-0.011 gapM=+0.019
2026-07-18T23:27:42.574922+00:00   sig BTC K= 64000.0 tte=4.7d pm 0.63/0.66 fv=0.655 gapT=-0.005 gapM=+0.015
2026-07-18T23:27:42.574945+00:00   sig BTC K= 66000.0 tte=3.7d pm 0.27/0.30 fv=0.294 gapT=-0.006 gapM=+0.014
2026-07-18T23:27:42.574963+00:00   sig ETH K=  1700.0 tte=3.7d pm 0.95/0.98 fv=0.972 gapT=-0.004 gapM=+0.013
2026-07-18T23:27:42.575138+00:00   sig ETH K=  1800.0 tte=1.7d pm 0.89/0.90 fv=0.910 gapT=+0.010 gapM=+0.010
2026-07-18T23:27:42.575169+00:00   sig BTC K= 64000.0 tte=1.7d pm 0.76/0.77 fv=0.778 gapT=+0.008 gapM=+0.008
2026-07-18T23:27:42.575215+00:00   sig BTC K= 66000.0 tte=2.7d pm 0.22/0.23 fv=0.238 gapT=+0.008 gapM=+0.008
2026-07-18T23:27:42.575249+00:00 cycle done: signals=31 entered=0 open=2 deployed=$66.60 bankroll=$100.00
2026-07-18T23:37:47.716021+00:00 scan: 132 live daily-ladder strikes
2026-07-18T23:37:49.347600+00:00   BTC: smiles=ok expiries=5 S_idx=64761.085 S_bin=64829.1
2026-07-18T23:37:50.907029+00:00   ETH: smiles=ok expiries=5 S_idx=1861.22 S_bin=1862.21
2026-07-18T23:38:21.306608+00:00 MAKER EXPIRED ethereum-above-1900-on-july-23-2026
2026-07-18T23:38:21.307131+00:00   sig BTC K= 66000.0 tte=4.7d pm 0.29/0.31 fv=0.325 gapT=+0.015 gapM=+0.025
2026-07-18T23:38:21.307217+00:00   sig ETH K=  1900.0 tte=4.7d pm 0.31/0.35 fv=0.337 gapT=-0.013 gapM=+0.017
2026-07-18T23:38:21.307244+00:00   sig BTC K= 64000.0 tte=4.7d pm 0.63/0.66 fv=0.656 gapT=-0.004 gapM=+0.016
2026-07-18T23:38:21.307265+00:00   sig BTC K= 66000.0 tte=3.7d pm 0.27/0.30 fv=0.295 gapT=-0.005 gapM=+0.015
2026-07-18T23:38:21.307284+00:00   sig ETH K=  1700.0 tte=3.7d pm 0.95/0.98 fv=0.972 gapT=-0.006 gapM=+0.011
2026-07-18T23:38:21.307304+00:00   sig ETH K=  1800.0 tte=1.7d pm 0.89/0.90 fv=0.909 gapT=+0.009 gapM=+0.009
2026-07-18T23:38:21.307357+00:00   sig BTC K= 64000.0 tte=1.7d pm 0.76/0.77 fv=0.779 gapT=+0.009 gapM=+0.009
2026-07-18T23:38:21.307382+00:00   sig BTC K= 66000.0 tte=2.7d pm 0.22/0.23 fv=0.238 gapT=+0.008 gapM=+0.008
2026-07-18T23:38:21.307411+00:00 cycle done: signals=31 entered=0 open=1 deployed=$44.60 bankroll=$100.00
2026-07-18T23:48:26.687525+00:00 scan: 132 live daily-ladder strikes
2026-07-18T23:48:28.316727+00:00   BTC: smiles=ok expiries=5 S_idx=64774.740000000005 S_bin=64834.99
2026-07-18T23:48:29.859324+00:00   ETH: smiles=ok expiries=5 S_idx=1861.26 S_bin=1862.36
2026-07-18T23:48:42.528077+00:00 HTTP FAIL https://clob.polymarket.com/book?token_id=283823403627887888517640627571811866035140230750 <urlopen error [Errno 111] Connection refused>
2026-07-18T23:48:47.374212+00:00 HTTP FAIL https://clob.polymarket.com/book?token_id=617019006947416713592051235992160323055277488132 <urlopen error [Errno 111] Connection refused>
2026-07-18T23:48:52.222747+00:00 HTTP FAIL https://clob.polymarket.com/book?token_id=277313299306979017431738347644303613249957386417 <urlopen error [Errno 111] Connection refused>
2026-07-18T23:48:57.072936+00:00 HTTP FAIL https://clob.polymarket.com/book?token_id=590352133894163972688839052640407810044074836225 <urlopen error [Errno 111] Connection refused>
2026-07-18T23:49:01.926052+00:00 HTTP FAIL https://clob.polymarket.com/book?token_id=101847032913374019828041026226814463806314275853 <urlopen error [Errno 111] Connection refused>
2026-07-18T23:49:06.790567+00:00 HTTP FAIL https://clob.polymarket.com/book?token_id=905926155055977437505049212308305838224482803049 <urlopen error [Errno 111] Connection refused>
2026-07-18T23:49:11.637345+00:00 HTTP FAIL https://clob.polymarket.com/book?token_id=922712842183098767529960668134242038101707654131 <urlopen error [Errno 111] Connection refused>
2026-07-18T23:49:16.487004+00:00 HTTP FAIL https://clob.polymarket.com/book?token_id=191259050350875811654236518219919338216093230693 <urlopen error [Errno 111] Connection refused>
2026-07-18T23:49:21.336992+00:00 HTTP FAIL https://clob.polymarket.com/book?token_id=625708091715120657313796926032823749534641566945 <urlopen error [Errno 111] Connection refused>
2026-07-18T23:49:26.181213+00:00 HTTP FAIL https://clob.polymarket.com/book?token_id=538962821837934525598843340498536629545204711066 <urlopen error [Errno 111] Connection refused>
2026-07-18T23:49:31.027206+00:00 HTTP FAIL https://clob.polymarket.com/book?token_id=100437351227687728701149011840333982005892515051 <urlopen error [Errno 111] Connection refused>
2026-07-18T23:49:35.875496+00:00 HTTP FAIL https://clob.polymarket.com/book?token_id=233723790810485788307507821250146380453616022431 <urlopen error [Errno 111] Connection refused>
2026-07-18T23:49:40.719709+00:00 HTTP FAIL https://clob.polymarket.com/book?token_id=295520018730993539643917546544097481553245411138 <urlopen error [Errno 111] Connection refused>
2026-07-18T23:49:45.563260+00:00 HTTP FAIL https://clob.polymarket.com/book?token_id=850665313021182888865500410429102244143604300235 <urlopen error [Errno 111] Connection refused>
2026-07-18T23:49:50.407861+00:00 HTTP FAIL https://clob.polymarket.com/book?token_id=114242500109406458926353262446078757410607220835 <urlopen error [Errno 111] Connection refused>
2026-07-18T23:49:55.253861+00:00 HTTP FAIL https://clob.polymarket.com/book?token_id=479678818863325811904878977578416939922960857718 <urlopen error [Errno 111] Connection refused>
2026-07-18T23:50:00.102613+00:00 HTTP FAIL https://clob.polymarket.com/book?token_id=378923892055886638997821406476559109314393747513 <urlopen error [Errno 111] Connection refused>
2026-07-18T23:50:04.962759+00:00 HTTP FAIL https://clob.polymarket.com/book?token_id=191753012808158525200169154394417458537893954743 <urlopen error [Errno 111] Connection refused>
2026-07-18T23:50:09.807361+00:00 HTTP FAIL https://clob.polymarket.com/book?token_id=318769869997636115985995344988433961457571208165 <urlopen error [Errno 111] Connection refused>
2026-07-18T23:50:14.658580+00:00 HTTP FAIL https://clob.polymarket.com/book?token_id=111978535704830551165679669976673002553088017202 <urlopen error [Errno 111] Connection refused>
2026-07-18T23:50:19.507231+00:00 HTTP FAIL https://clob.polymarket.com/book?token_id=972295196918702465106406126009728747098941213495 <urlopen error [Errno 111] Connection refused>
2026-07-18T23:50:24.355328+00:00 HTTP FAIL https://clob.polymarket.com/book?token_id=487004692833171111363809017313388265797597717790 <urlopen error [Errno 111] Connection refused>
2026-07-18T23:50:29.205558+00:00 HTTP FAIL https://clob.polymarket.com/book?token_id=248094173952654100003351107642076109291833117100 <urlopen error [Errno 111] Connection refused>
2026-07-18T23:50:34.053045+00:00 HTTP FAIL https://clob.polymarket.com/book?token_id=479862950810362753752211551780616672462860043142 <urlopen error [Errno 111] Connection refused>
2026-07-18T23:50:38.909743+00:00 HTTP FAIL https://clob.polymarket.com/book?token_id=603748107317707431848714117658952762397634645973 <urlopen error [Errno 111] Connection refused>
2026-07-18T23:50:43.756080+00:00 HTTP FAIL https://clob.polymarket.com/book?token_id=109356454414009204123555696068567790627198958882 <urlopen error [Errno 111] Connection refused>
2026-07-18T23:50:48.602191+00:00 HTTP FAIL https://clob.polymarket.com/book?token_id=297304328267612278946915785758693730609686443378 <urlopen error [Errno 111] Connection refused>
2026-07-18T23:50:53.463444+00:00 HTTP FAIL https://clob.polymarket.com/book?token_id=305343968009920084825220027470334891806188497488 <urlopen error [Errno 111] Connection refused>
2026-07-18T23:50:58.317014+00:00 HTTP FAIL https://clob.polymarket.com/book?token_id=575683295144459729862854413807332681314673345303 <urlopen error [Errno 111] Connection refused>
2026-07-18T23:51:03.166589+00:00 HTTP FAIL https://clob.polymarket.com/book?token_id=552278755055488252020631381264377805892298088208 <urlopen error [Errno 111] Connection refused>
2026-07-18T23:51:08.014529+00:00 HTTP FAIL https://clob.polymarket.com/book?token_id=178762095016309518611530590535738673378706490980 <urlopen error [Errno 111] Connection refused>
2026-07-18T23:51:12.867154+00:00 HTTP FAIL https://clob.polymarket.com/book?token_id=581869518916725149715839124327992679943399547682 <urlopen error [Errno 111] Connection refused>
2026-07-18T23:51:17.710991+00:00 HTTP FAIL https://clob.polymarket.com/book?token_id=554862668690184992367261565332711007486584487299 <urlopen error [Errno 111] Connection refused>
2026-07-18T23:51:22.630605+00:00 HTTP FAIL https://clob.polymarket.com/book?token_id=845913364733747780498058894736064693450099312557 <urlopen error [Errno 111] Connection refused>
2026-07-18T23:51:27.554997+00:00 HTTP FAIL https://clob.polymarket.com/book?token_id=400467033170439920986796350634205182825409616748 <urlopen error [Errno 111] Connection refused>
2026-07-18T23:51:32.421971+00:00 HTTP FAIL https://clob.polymarket.com/book?token_id=249983181770464935861543855147237763879308287583 <urlopen error [Errno 111] Connection refused>
2026-07-18T23:51:37.271636+00:00 HTTP FAIL https://clob.polymarket.com/book?token_id=191735774312192436658584004058908758816101087518 <urlopen error [Errno 111] Connection refused>
2026-07-18T23:51:42.115187+00:00 HTTP FAIL https://clob.polymarket.com/book?token_id=542226009193282295819193873898445436394390592782 <urlopen error [Errno 111] Connection refused>
2026-07-18T23:51:46.954751+00:00 HTTP FAIL https://clob.polymarket.com/book?token_id=111257080343750799006141394104470670435246975296 <urlopen error [Errno 111] Connection refused>
2026-07-18T23:51:51.813270+00:00 HTTP FAIL https://clob.polymarket.com/book?token_id=520950509845344038705045729985736136357788643929 <urlopen error [Errno 111] Connection refused>
2026-07-18T23:51:56.658952+00:00 HTTP FAIL https://clob.polymarket.com/book?token_id=105934768056119645562847289677670292029785945576 <urlopen error [Errno 111] Connection refused>
2026-07-18T23:52:01.508683+00:00 HTTP FAIL https://clob.polymarket.com/book?token_id=801215345700064510748121655638476785228866893394 <urlopen error [Errno 111] Connection refused>
2026-07-18T23:52:06.352912+00:00 HTTP FAIL https://clob.polymarket.com/book?token_id=539405779968938032214579090679217492258865928366 <urlopen error [Errno 111] Connection refused>
2026-07-18T23:52:11.201078+00:00 HTTP FAIL https://clob.polymarket.com/book?token_id=306059647208883027766992049490744640137606619243 <urlopen error [Errno 111] Connection refused>
2026-07-18T23:52:16.047507+00:00 HTTP FAIL https://clob.polymarket.com/book?token_id=669450782311369934538681460833872844384348757779 <urlopen error [Errno 111] Connection refused>
2026-07-18T23:52:20.899566+00:00 HTTP FAIL https://clob.polymarket.com/book?token_id=462217606509294342933875006222962536353686803333 <urlopen error [Errno 111] Connection refused>
2026-07-18T23:52:25.759100+00:00 HTTP FAIL https://clob.polymarket.com/book?token_id=160687175275614296799416602907211407401662065413 <urlopen error [Errno 111] Connection refused>
2026-07-18T23:52:30.607794+00:00 HTTP FAIL https://clob.polymarket.com/book?token_id=557911472610130216520308370056675394783783648621 <urlopen error [Errno 111] Connection refused>
2026-07-18T23:52:35.452347+00:00 HTTP FAIL https://clob.polymarket.com/book?token_id=765484548912534216284511795594913257381565698147 <urlopen error [Errno 111] Connection refused>
2026-07-18T23:52:40.297948+00:00 HTTP FAIL https://clob.polymarket.com/book?token_id=831754263822613157269810780607533757528860044945 <urlopen error [Errno 111] Connection refused>
2026-07-18T23:52:45.145304+00:00 HTTP FAIL https://clob.polymarket.com/book?token_id=112299778164167172058564145568962440148013091222 <urlopen error [Errno 111] Connection refused>
2026-07-18T23:52:49.999080+00:00 HTTP FAIL https://clob.polymarket.com/book?token_id=383046872744008505923981162126632204991753265444 <urlopen error [Errno 111] Connection refused>
2026-07-18T23:52:54.844369+00:00 HTTP FAIL https://clob.polymarket.com/book?token_id=106284242745228105014728412035318144511953307543 <urlopen error [Errno 111] Connection refused>
2026-07-18T23:52:59.701258+00:00 HTTP FAIL https://clob.polymarket.com/book?token_id=174945676287318688779608645771340306660069466516 <urlopen error [Errno 111] Connection refused>
2026-07-18T23:53:04.549625+00:00 HTTP FAIL https://clob.polymarket.com/book?token_id=795437808911721309212696130897988513507051636750 <urlopen error [Errno 111] Connection refused>
2026-07-18T23:53:09.394699+00:00 HTTP FAIL https://clob.polymarket.com/book?token_id=867668075174226705886443127755513968378586699277 <urlopen error [Errno 111] Connection refused>
2026-07-18T23:53:14.244427+00:00 HTTP FAIL https://clob.polymarket.com/book?token_id=198020029672612601054743492260789406899470765326 <urlopen error [Errno 111] Connection refused>
2026-07-18T23:53:19.095777+00:00 HTTP FAIL https://clob.polymarket.com/book?token_id=351387086011228989202402878696017688690955222157 <urlopen error [Errno 111] Connection refused>
2026-07-18T23:53:23.945721+00:00 HTTP FAIL https://clob.polymarket.com/book?token_id=841331377138941700908909845789643484406599823318 <urlopen error [Errno 111] Connection refused>
2026-07-18T23:53:28.797792+00:00 HTTP FAIL https://clob.polymarket.com/book?token_id=152764077198492307361071314634433306628806071347 <urlopen error [Errno 111] Connection refused>
2026-07-18T23:53:33.646253+00:00 HTTP FAIL https://clob.polymarket.com/book?token_id=736018111686291474363491509042018866596348714317 <urlopen error [Errno 111] Connection refused>
2026-07-18T23:53:33.663698+00:00   sig BTC K= 66000.0 tte=1.7d pm 0.14/0.15 fv=0.168 gapT=+0.018 gapM=+0.018
2026-07-18T23:53:33.663821+00:00   sig BTC K= 66000.0 tte=2.7d pm 0.22/0.23 fv=0.241 gapT=+0.011 gapM=+0.011
2026-07-18T23:53:33.663872+00:00   sig BTC K= 64000.0 tte=3.7d pm 0.66/0.68 fv=0.679 gapT=-0.001 gapM=+0.009
2026-07-18T23:53:33.663889+00:00   sig BTC K= 64000.0 tte=2.7d pm 0.69/0.70 fv=0.706 gapT=+0.006 gapM=+0.006
2026-07-18T23:53:33.663928+00:00   sig BTC K= 62000.0 tte=3.7d pm 0.90/0.93 fv=0.910 gapT=-0.020 gapM=-0.000
2026-07-18T23:53:33.663952+00:00   sig BTC K= 68000.0 tte=2.7d pm 0.03/0.03 fv=0.027 gapT=-0.003 gapM=-0.012
2026-07-18T23:53:33.663969+00:00   sig BTC K= 62000.0 tte=2.7d pm 0.94/0.95 fv=0.945 gapT=-0.005 gapM=-0.005
2026-07-18T23:53:33.663985+00:00   sig BTC K= 64000.0 tte=1.7d pm 0.76/0.77 fv=0.761 gapT=-0.009 gapM=-0.009
2026-07-18T23:53:33.664086+00:00 cycle done: signals=8 entered=0 open=1 deployed=$44.60 bankroll=$100.00
