BTCUSDT 1m 2025-09 43200
BTCUSDT 1m 2025-10 44640
BTCUSDT 1m 2025-11 43200
BTCUSDT 1m 2025-12 44640
BTCUSDT 1m 2026-01 44640
BTCUSDT 1m 2026-02 40320
BTCUSDT 1m 2026-03 44640
BTCUSDT 1m 2026-04 43200
BTCUSDT 1m 2026-05 44640
BTCUSDT 1m 2026-06 43200
SAVED /home/user/D1/data/binance/BTCUSDT_1m.parquet 459360
BTCUSDT 1h 2025-09 720
BTCUSDT 1h 2025-10 744
BTCUSDT 1h 2025-11 720
BTCUSDT 1h 2025-12 744
BTCUSDT 1h 2026-01 744
BTCUSDT 1h 2026-02 672
BTCUSDT 1h 2026-03 744
BTCUSDT 1h 2026-04 720
BTCUSDT 1h 2026-05 744
BTCUSDT 1h 2026-06 720
SAVED /home/user/D1/data/binance/BTCUSDT_1h.parquet 7656
ETHUSDT 1m 2025-09 43200
ETHUSDT 1m 2025-10 44640
ETHUSDT 1m 2025-11 43200
ETHUSDT 1m 2025-12 44640
ETHUSDT 1m 2026-01 44640
ETHUSDT 1m 2026-02 40320
ETHUSDT 1m 2026-03 44640
ETHUSDT 1m 2026-04 43200
ETHUSDT 1m 2026-05 44640
ETHUSDT 1m 2026-06 43200
SAVED /home/user/D1/data/binance/ETHUSDT_1m.parquet 459360
ETHUSDT 1h 2025-09 720
ETHUSDT 1h 2025-10 744
ETHUSDT 1h 2025-11 720
ETHUSDT 1h 2025-12 744
ETHUSDT 1h 2026-01 744
ETHUSDT 1h 2026-02 672
ETHUSDT 1h 2026-03 744
ETHUSDT 1h 2026-04 720
ETHUSDT 1h 2026-05 744
ETHUSDT 1h 2026-06 720
SAVED /home/user/D1/data/binance/ETHUSDT_1h.parquet 7656
SOLUSDT 1m 2025-09 43200
SOLUSDT 1m 2025-10 44640
SOLUSDT 1m 2025-11 43200
SOLUSDT 1m 2025-12 44640
SOLUSDT 1m 2026-01 44640
SOLUSDT 1m 2026-02 40320
SOLUSDT 1m 2026-03 44640
SOLUSDT 1m 2026-04 43200
SOLUSDT 1m 2026-05 44640
SOLUSDT 1m 2026-06 43200
SAVED /home/user/D1/data/binance/SOLUSDT_1m.parquet 459360
SOLUSDT 1h 2025-09 720
SOLUSDT 1h 2025-10 744
SOLUSDT 1h 2025-11 720
SOLUSDT 1h 2025-12 744
SOLUSDT 1h 2026-01 744
SOLUSDT 1h 2026-02 672
SOLUSDT 1h 2026-03 744
SOLUSDT 1h 2026-04 720
SOLUSDT 1h 2026-05 744
SOLUSDT 1h 2026-06 720
SAVED /home/user/D1/data/binance/SOLUSDT_1h.parquet 7656
XRPUSDT 1m 2025-09 43200
XRPUSDT 1m 2025-10 44640
XRPUSDT 1m 2025-11 43200
XRPUSDT 1m 2025-12 44640
XRPUSDT 1m 2026-01 44640
XRPUSDT 1m 2026-02 40320
XRPUSDT 1m 2026-03 44640
XRPUSDT 1m 2026-04 43200
XRPUSDT 1m 2026-05 44640
XRPUSDT 1m 2026-06 43200
SAVED /home/user/D1/data/binance/XRPUSDT_1m.parquet 459360
XRPUSDT 1h 2025-09 720
XRPUSDT 1h 2025-10 744
XRPUSDT 1h 2025-11 720
XRPUSDT 1h 2025-12 744
XRPUSDT 1h 2026-01 744
XRPUSDT 1h 2026-02 672
XRPUSDT 1h 2026-03 744
XRPUSDT 1h 2026-04 720
XRPUSDT 1h 2026-05 744
XRPUSDT 1h 2026-06 720
SAVED /home/user/D1/data/binance/XRPUSDT_1h.parquet 7656
DONE
