instruments BTC done
instruments ETH done
instruments USDC done
bars1h BTC-26SEP25 33
bars1h BTC-3OCT25 201
bars1h BTC-10OCT25 337
bars1h BTC-17OCT25 337
bars1h BTC-24OCT25 337
bars1h BTC-31OCT25 873
bars1h BTC-7NOV25 337
bars1h BTC-14NOV25 337
bars1h BTC-21NOV25 337
bars1h BTC-28NOV25 1513
bars1h BTC-5DEC25 337
bars1h BTC-12DEC25 337
bars1h BTC-19DEC25 337
bars1h BTC-26DEC25 2217
bars1h BTC-2JAN26 337
bars1h BTC-9JAN26 337
bars1h BTC-16JAN26 337
bars1h BTC-23JAN26 337
bars1h BTC-30JAN26 1513
bars1h BTC-6FEB26 337
bars1h BTC-13FEB26 337
bars1h BTC-20FEB26 337
bars1h BTC-27FEB26 1513
bars1h BTC-6MAR26 337
bars1h BTC-13MAR26 337
bars1h BTC-20MAR26 337
bars1h BTC-27MAR26 4401
bars1h BTC-3APR26 337
bars1h BTC-4APR26 45
bars1h BTC-5APR26 69
bars1h BTC-6APR26 93
bars1h BTC-7APR26 93
bars1h BTC-8APR26 56
bars1h BTC-9APR26 80
bars1h BTC-10APR26 337
bars1h BTC-11APR26 90
bars1h BTC-12APR26 96
bars1h BTC-13APR26 80
bars1h BTC-14APR26 96
bars1h BTC-15APR26 96
bars1h BTC-16APR26 68
bars1h BTC-17APR26 337
bars1h BTC-18APR26 72
bars1h BTC-19APR26 90
bars1h BTC-20APR26 92
bars1h BTC-21APR26 92
bars1h BTC-22APR26 86
bars1h BTC-23APR26 86
bars1h BTC-24APR26 1345
bars1h BTC-25APR26 87
bars1h BTC-26APR26 87
bars1h BTC-27APR26 96
bars1h BTC-28APR26 94
bars1h BTC-29APR26 95
bars1h BTC-30APR26 88
bars1h BTC-1MAY26 337
bars1h BTC-2MAY26 84
bars1h BTC-3MAY26 96
bars1h BTC-4MAY26 88
bars1h BTC-5MAY26 94
bars1h BTC-6MAY26 89
bars1h BTC-7MAY26 92
bars1h BTC-8MAY26 337
bars1h BTC-9MAY26 94
bars1h BTC-10MAY26 94
bars1h BTC-11MAY26 90
bars1h BTC-12MAY26 87
bars1h BTC-13MAY26 96
bars1h BTC-14MAY26 90
bars1h BTC-15MAY26 337
bars1h BTC-16MAY26 69
bars1h BTC-17MAY26 89
bars1h BTC-18MAY26 93
bars1h BTC-19MAY26 76
bars1h BTC-20MAY26 94
bars1h BTC-21MAY26 96
bars1h BTC-22MAY26 383
bars1h BTC-23MAY26 97
bars1h BTC-24MAY26 97
bars1h BTC-25MAY26 91
bars1h BTC-26MAY26 95
bars1h BTC-27MAY26 97
bars1h BTC-28MAY26 93
bars1h BTC-29MAY26 1513
bars1h BTC-30MAY26 91
bars1h BTC-31MAY26 96
bars1h BTC-1JUN26 97
bars1h BTC-2JUN26 96
bars1h BTC-3JUN26 96
bars1h BTC-4JUN26 95
bars1h BTC-5JUN26 529
bars1h BTC-6JUN26 96
bars1h BTC-7JUN26 96
bars1h BTC-8JUN26 97
bars1h BTC-9JUN26 95
bars1h BTC-10JUN26 95
bars1h BTC-11JUN26 88
bars1h BTC-12JUN26 529
bars1h BTC-13JUN26 97
bars1h BTC-14JUN26 96
bars1h BTC-15JUN26 95
bars1h BTC-16JUN26 97
bars1h BTC-17JUN26 97
bars1h BTC-18JUN26 95
bars1h BTC-19JUN26 529
bars1h BTC-20JUN26 97
bars1h BTC-21JUN26 94
bars1h BTC-22JUN26 95
bars1h BTC-23JUN26 96
bars1h BTC-24JUN26 94
bars1h BTC-25JUN26 96
bars1h BTC-26JUN26 6585
bars1h BTC-27JUN26 95
bars1h BTC-28JUN26 96
bars1h BTC-29JUN26 95
bars1h BTC-30JUN26 95
bars1h BTC-1JUL26 97
bars1h BTC-2JUL26 97
bars1h BTC-3JUL26 529
bars1h BTC-4JUL26 97
bars1h BTC-5JUL26 97
bars1h BTC-6JUL26 97
bars1h BTC-7JUL26 96
bars1h BTC-8JUL26 97
bars1h BTC-9JUL26 97
bars1h BTC-10JUL26 529
bars1h BTC-11JUL26 97
bars1h BTC-12JUL26 97
bars1h BTC-13JUL26 97
bars1h BTC-14JUL26 97
bars1h BTC-15JUL26 97
bars1h BTC-16JUL26 97
bars1h BTC-17JUL26 529
bars1h BTC-PERPETUAL 7097
bars1h BTC-18JUL26 77
bars1h BTC-19JUL26 57
bars1h BTC-20JUL26 33
bars1h BTC-21JUL26 9
bars1h BTC-24JUL26 369
bars1h BTC-31JUL26 1753
bars1h BTC-7AUG26 33
bars1h BTC-28AUG26 1209
bars1h BTC-25SEP26 7065
bars1h BTC-25DEC26 4881
bars1h BTC-26MAR27 2697
bars1h BTC-25JUN27 513
bars1h ETH-26SEP25 33
bars1h ETH-3OCT25 201
bars1h ETH-10OCT25 337
bars1h ETH-17OCT25 337
bars1h ETH-24OCT25 337
bars1h ETH-31OCT25 873
bars1h ETH-7NOV25 337
bars1h ETH-14NOV25 337
bars1h ETH-21NOV25 337
bars1h ETH-28NOV25 1513
bars1h ETH-5DEC25 337
bars1h ETH-12DEC25 337
bars1h ETH-19DEC25 337
bars1h ETH-26DEC25 2217
bars1h ETH-2JAN26 337
bars1h ETH-9JAN26 337
bars1h ETH-16JAN26 337
bars1h ETH-23JAN26 337
bars1h ETH-30JAN26 1513
bars1h ETH-6FEB26 337
bars1h ETH-13FEB26 337
bars1h ETH-20FEB26 337
bars1h ETH-27FEB26 1513
bars1h ETH-6MAR26 337
bars1h ETH-13MAR26 337
bars1h ETH-20MAR26 337
bars1h ETH-27MAR26 4401
bars1h ETH-3APR26 337
bars1h ETH-4APR26 25
bars1h ETH-5APR26 46
bars1h ETH-6APR26 69
bars1h ETH-7APR26 48
bars1h ETH-8APR26 7
bars1h ETH-9APR26 34
bars1h ETH-10APR26 337
bars1h ETH-11APR26 74
bars1h ETH-12APR26 84
bars1h ETH-16APR26 75
bars1h ETH-17APR26 337
bars1h ETH-18APR26 25
bars1h ETH-19APR26 83
bars1h ETH-20APR26 73
bars1h ETH-22APR26 2
bars1h ETH-23APR26 25
bars1h ETH-24APR26 1345
bars1h ETH-26APR26 89
bars1h ETH-27APR26 19
bars1h ETH-28APR26 54
bars1h ETH-29APR26 51
bars1h ETH-30APR26 2
bars1h ETH-1MAY26 337
bars1h ETH-7MAY26 18
bars1h ETH-8MAY26 336
bars1h ETH-10MAY26 92
bars1h ETH-15MAY26 337
bars1h ETH-18MAY26 2
bars1h ETH-20MAY26 45
bars1h ETH-21MAY26 67
bars1h ETH-22MAY26 384
bars1h ETH-23MAY26 96
bars1h ETH-24MAY26 26
bars1h ETH-25MAY26 50
bars1h ETH-26MAY26 74
bars1h ETH-27MAY26 2
bars1h ETH-28MAY26 6
bars1h ETH-29MAY26 1513
bars1h ETH-30MAY26 44
bars1h ETH-31MAY26 68
bars1h ETH-1JUN26 91
bars1h ETH-2JUN26 93
bars1h ETH-3JUN26 35
bars1h ETH-4JUN26 73
bars1h ETH-5JUN26 527
bars1h ETH-6JUN26 92
bars1h ETH-7JUN26 96
bars1h ETH-8JUN26 96
bars1h ETH-9JUN26 94
bars1h ETH-10JUN26 95
bars1h ETH-11JUN26 81
bars1h ETH-12JUN26 529
bars1h ETH-13JUN26 96
bars1h ETH-14JUN26 97
bars1h ETH-15JUN26 96
bars1h ETH-16JUN26 97
bars1h ETH-17JUN26 93
bars1h ETH-18JUN26 84
bars1h ETH-19JUN26 529
bars1h ETH-20JUN26 97
bars1h ETH-21JUN26 93
bars1h ETH-22JUN26 91
bars1h ETH-23JUN26 96
bars1h ETH-24JUN26 93
bars1h ETH-25JUN26 96
bars1h ETH-26JUN26 6585
bars1h ETH-27JUN26 90
bars1h ETH-28JUN26 86
bars1h ETH-29JUN26 90
bars1h ETH-30JUN26 95
bars1h ETH-1JUL26 90
bars1h ETH-2JUL26 26
bars1h ETH-3JUL26 529
bars1h ETH-4JUL26 92
bars1h ETH-5JUL26 96
bars1h ETH-6JUL26 96
bars1h ETH-7JUL26 95
bars1h ETH-8JUL26 92
bars1h ETH-9JUL26 91
bars1h ETH-10JUL26 527
bars1h ETH-11JUL26 88
bars1h ETH-12JUL26 97
bars1h ETH-13JUL26 95
bars1h ETH-14JUL26 96
bars1h ETH-15JUL26 96
bars1h ETH-16JUL26 93
bars1h ETH-17JUL26 529
bars1h ETH-PERPETUAL 7097
bars1h ETH-18JUL26 77
bars1h ETH-19JUL26 53
bars1h ETH-20JUL26 33
bars1h ETH-21JUL26 6
bars1h ETH-24JUL26 368
bars1h ETH-31JUL26 1752
bars1h ETH-7AUG26 33
bars1h ETH-28AUG26 1204
bars1h ETH-25SEP26 7065
bars1h ETH-25DEC26 4881
bars1h ETH-26MAR27 2697
bars1h ETH-25JUN27 513
bars1h SOL_USDC-12APR26 10
bars1h XRP_USDC-23MAY26 22
bars1h SOL_USDC-29MAY26 1171
bars1h XRP_USDC-18JUN26 2
bars1h SOL_USDC-26JUN26 1866
bars1h XRP_USDC-3JUL26 266
bars1h XRP_USDC-8JUL26 44
bars1h SOL_USDC-PERPETUAL 7097
bars1h XRP_USDC-PERPETUAL 7097
bars1h SOL_USDC-25SEP26 522
bars1h XRP_USDC-25SEP26 717
